/home/zxc/miniconda3/envs/imitator/lib/python3.12/site-packages/torch/cuda/__init__.py:61: FutureWarning: The pynvml package is deprecated. Please install nvidia-ml-py instead. If you did not install pynvml directly, please report this to the maintainers of the package that installed pynvml for you.
  import pynvml  # type: ignore[import]
2026-10-08 09:28:08.216495: I tensorflow/core/util/port.cc:153] oneDNN custom operations are on. You may see slightly different numerical results due to floating-point round-off errors from different computation orders. To turn them off, set the environment variable `TF_ENABLE_ONEDNN_OPTS=0`.
2026-10-08 09:28:08.225453: E external/local_xla/xla/stream_executor/cuda/cuda_fft.cc:467] Unable to register cuFFT factory: Attempting to register factory for plugin cuFFT when one has already been registered
WARNING: All log messages before absl::InitializeLog() is called are written to STDERR
E0000 00:00:1791422888.235225 3120400 cuda_dnn.cc:8579] Unable to register cuDNN factory: Attempting to register factory for plugin cuDNN when one has already been registered
E0000 00:00:1791422888.238595 3120400 cuda_blas.cc:1407] Unable to register cuBLAS factory: Attempting to register factory for plugin cuBLAS when one has already been registered
W0000 00:00:1791422888.247762 3120400 computation_placer.cc:177] computation placer already registered. Please check linkage and avoid linking the same target more than once.
W0000 00:00:1791422888.247775 3120400 computation_placer.cc:177] computation placer already registered. Please check linkage and avoid linking the same target more than once.
W0000 00:00:1791422888.247777 3120400 computation_placer.cc:177] computation placer already registered. Please check linkage and avoid linking the same target more than once.
W0000 00:00:1791422888.247780 3120400 computation_placer.cc:177] computation placer already registered. Please check linkage and avoid linking the same target more than once.
2026-10-08 09:28:08.250071: I tensorflow/core/platform/cpu_feature_guard.cc:210] This TensorFlow binary is optimized to use available CPU instructions in performance-critical operations.
To enable the following instructions: AVX2 AVX512F AVX512_VNNI AVX512_BF16 FMA, in other operations, rebuild TensorFlow with the appropriate compiler flags.

================================================================================
🔄 INITIALIZING HUMAN-SIM PAIRED DATASET
================================================================================
   Input mode: video_only
   Include first frame: True

📖 Loading task mapping from: examples/baselines/lerobot_dataset/task_mapping.json
   ✓ 53 human task descriptions
   ✓ 200 sim task descriptions

✓ Mapping loaded:
  - 53 human tasks: ['human_H1', 'human_H10', 'human_H11', 'human_H12', 'human_H13', 'human_H14', 'human_H15', 'human_H16', 'human_H17', 'human_H18', 'human_H19', 'human_H2', 'human_H20', 'human_H21', 'human_H22', 'human_H23', 'human_H24', 'human_H25', 'human_H26', 'human_H27', 'human_H28', 'human_H29', 'human_H3', 'human_H30', 'human_H31', 'human_H32', 'human_H33', 'human_H34', 'human_H35', 'human_H36', 'human_H37', 'human_H38', 'human_H39', 'human_H4', 'human_H40', 'human_H41', 'human_H42', 'human_H43', 'human_H44', 'human_H45', 'human_H46', 'human_H47', 'human_H48', 'human_H49', 'human_H5', 'human_H50', 'human_H56', 'human_H57', 'human_H58', 'human_H6', 'human_H7', 'human_H8', 'human_H9']
  - 200 sim tasks: ['L0_TwoRobotCleanCup-v1', 'L0_TwoRobotCleanDesk-v1', 'L0_TwoRobotCutFruit-v1', 'L0_TwoRobotFoldBox-v1', 'L0_TwoRobotFoldTowel-v1', 'L0_TwoRobotGrindFood-v1', 'L0_TwoRobotKnifeBowlFork-v1', 'L0_TwoRobotLiftLidFromSkillet-v1', 'L0_TwoRobotOpenBox-v1', 'L0_TwoRobotOpenLiquidCap-v1', 'L0_TwoRobotPickAppleBananaToBaskets-v1', 'L0_TwoRobotPickAppleBasket-v1', 'L0_TwoRobotPickAppleToScale-v1', 'L0_TwoRobotPickFood-v1', 'L0_TwoRobotPickFruitsToPlate-v1', 'L0_TwoRobotPickPillToRegions-v1', 'L0_TwoRobotPickRemoteControl-v1', 'L0_TwoRobotPickTennisBallGolfBall-v1', 'L0_TwoRobotPickWash-v1', 'L0_TwoRobotPlaceBookBookcase-v1', 'L0_TwoRobotPlaceBrushRest-v1', 'L0_TwoRobotPlaceBurgerTray-v1', 'L0_TwoRobotPlaceChipsRack-v1', 'L0_TwoRobotPlaceClothBasket-v1', 'L0_TwoRobotPlaceCommodityRack-v1', 'L0_TwoRobotPlaceCupPlate-v1', 'L0_TwoRobotPlaceFileFolder-v1', 'L0_TwoRobotPlaceFoodScale-v1', 'L0_TwoRobotPlaceFruitBox-v1', 'L0_TwoRobotPlaceMagazineFolder-v1', 'L0_TwoRobotPlaceMugRack-v1', 'L0_TwoRobotPlacePillBox-v1', 'L0_TwoRobotPlacePlateRack-v1', 'L0_TwoRobotPlaceScrewdriver-v1', 'L0_TwoRobotPlaceShoeBox-v1', 'L0_TwoRobotPourCup-v1', 'L0_TwoRobotPourKetchupFries-v1', 'L0_TwoRobotPourKettle-v1', 'L0_TwoRobotPourLiquidCup-v1', 'L0_TwoRobotPourLiquidFilter-v1', 'L0_TwoRobotPourLiquidMug-v1', 'L0_TwoRobotPressJuicer-v1', 'L0_TwoRobotPressStapler-v1', 'L0_TwoRobotPutBox-v1', 'L0_TwoRobotPutCubeOnScale-v1', 'L0_TwoRobotScanMilkBox-v1', 'L0_TwoRobotScanPillBottle-v1', 'L0_TwoRobotStirSpoon-v1', 'L0_TwoRobotTransFood-v1', 'L0_TwoRobotWipePot-v1', 'L1_TwoRobotCleanCup-v1', 'L1_TwoRobotCleanDesk-v1', 'L1_TwoRobotCutFruit-v1', 'L1_TwoRobotFoldBox-v1', 'L1_TwoRobotFoldTowel-v1', 'L1_TwoRobotGrindFood-v1', 'L1_TwoRobotKnifeBowlFork-v1', 'L1_TwoRobotLiftLidFromSkillet-v1', 'L1_TwoRobotOpenBox-v1', 'L1_TwoRobotOpenLiquidCap-v1', 'L1_TwoRobotPickAppleBananaToBaskets-v1', 'L1_TwoRobotPickAppleBasket-v1', 'L1_TwoRobotPickAppleToScale-v1', 'L1_TwoRobotPickFood-v1', 'L1_TwoRobotPickFruitsToPlate-v1', 'L1_TwoRobotPickPillToRegions-v1', 'L1_TwoRobotPickRemoteControl-v1', 'L1_TwoRobotPickTennisBallGolfBall-v1', 'L1_TwoRobotPickWash-v1', 'L1_TwoRobotPlaceBookBookcase-v1', 'L1_TwoRobotPlaceBrushRest-v1', 'L1_TwoRobotPlaceBurgerTray-v1', 'L1_TwoRobotPlaceChipsRack-v1', 'L1_TwoRobotPlaceClothBasket-v1', 'L1_TwoRobotPlaceCommodityRack-v1', 'L1_TwoRobotPlaceCupPlate-v1', 'L1_TwoRobotPlaceFileFolder-v1', 'L1_TwoRobotPlaceFoodScale-v1', 'L1_TwoRobotPlaceFruitBox-v1', 'L1_TwoRobotPlaceMagazineFolder-v1', 'L1_TwoRobotPlaceMugRack-v1', 'L1_TwoRobotPlacePillBox-v1', 'L1_TwoRobotPlacePlateRack-v1', 'L1_TwoRobotPlaceScrewdriver-v1', 'L1_TwoRobotPlaceShoeBox-v1', 'L1_TwoRobotPourCup-v1', 'L1_TwoRobotPourKetchupFries-v1', 'L1_TwoRobotPourKettle-v1', 'L1_TwoRobotPourLiquidCup-v1', 'L1_TwoRobotPourLiquidFilter-v1', 'L1_TwoRobotPourLiquidMug-v1', 'L1_TwoRobotPressJuicer-v1', 'L1_TwoRobotPressStapler-v1', 'L1_TwoRobotPutBox-v1', 'L1_TwoRobotPutCubeOnScale-v1', 'L1_TwoRobotScanMilkBox-v1', 'L1_TwoRobotScanPillBottle-v1', 'L1_TwoRobotStirSpoon-v1', 'L1_TwoRobotTransFood-v1', 'L1_TwoRobotWipePot-v1', 'L2_TwoRobotCleanCup-v1', 'L2_TwoRobotCleanDesk-v1', 'L2_TwoRobotCutFruit-v1', 'L2_TwoRobotFoldBox-v1', 'L2_TwoRobotFoldTowel-v1', 'L2_TwoRobotGrindFood-v1', 'L2_TwoRobotKnifeBowlFork-v1', 'L2_TwoRobotLiftLidFromSkillet-v1', 'L2_TwoRobotOpenBox-v1', 'L2_TwoRobotOpenLiquidCap-v1', 'L2_TwoRobotPickAppleBananaToBaskets-v1', 'L2_TwoRobotPickAppleBasket-v1', 'L2_TwoRobotPickAppleToScale-v1', 'L2_TwoRobotPickFood-v1', 'L2_TwoRobotPickFruitsToPlate-v1', 'L2_TwoRobotPickPillToRegions-v1', 'L2_TwoRobotPickRemoteControl-v1', 'L2_TwoRobotPickTennisBallGolfBall-v1', 'L2_TwoRobotPickWash-v1', 'L2_TwoRobotPlaceBookBookcase-v1', 'L2_TwoRobotPlaceBrushRest-v1', 'L2_TwoRobotPlaceBurgerTray-v1', 'L2_TwoRobotPlaceChipsRack-v1', 'L2_TwoRobotPlaceClothBasket-v1', 'L2_TwoRobotPlaceCommodityRack-v1', 'L2_TwoRobotPlaceCupPlate-v1', 'L2_TwoRobotPlaceFileFolder-v1', 'L2_TwoRobotPlaceFoodScale-v1', 'L2_TwoRobotPlaceFruitBox-v1', 'L2_TwoRobotPlaceMagazineFolder-v1', 'L2_TwoRobotPlaceMugRack-v1', 'L2_TwoRobotPlacePillBox-v1', 'L2_TwoRobotPlacePlateRack-v1', 'L2_TwoRobotPlaceScrewdriver-v1', 'L2_TwoRobotPlaceShoeBox-v1', 'L2_TwoRobotPourCup-v1', 'L2_TwoRobotPourKetchupFries-v1', 'L2_TwoRobotPourKettle-v1', 'L2_TwoRobotPourLiquidCup-v1', 'L2_TwoRobotPourLiquidFilter-v1', 'L2_TwoRobotPourLiquidMug-v1', 'L2_TwoRobotPressJuicer-v1', 'L2_TwoRobotPressStapler-v1', 'L2_TwoRobotPutBox-v1', 'L2_TwoRobotPutCubeOnScale-v1', 'L2_TwoRobotScanMilkBox-v1', 'L2_TwoRobotScanPillBottle-v1', 'L2_TwoRobotStirSpoon-v1', 'L2_TwoRobotTransFood-v1', 'L2_TwoRobotWipePot-v1', 'L3_TwoRobotCleanCup-v1', 'L3_TwoRobotCleanDesk-v1', 'L3_TwoRobotCutFruit-v1', 'L3_TwoRobotFoldBox-v1', 'L3_TwoRobotFoldTowel-v1', 'L3_TwoRobotGrindFood-v1', 'L3_TwoRobotKnifeBowlFork-v1', 'L3_TwoRobotLiftLidFromSkillet-v1', 'L3_TwoRobotOpenBox-v1', 'L3_TwoRobotOpenLiquidCap-v1', 'L3_TwoRobotPickAppleBananaToBaskets-v1', 'L3_TwoRobotPickAppleBasket-v1', 'L3_TwoRobotPickAppleToScale-v1', 'L3_TwoRobotPickFood-v1', 'L3_TwoRobotPickFruitsToPlate-v1', 'L3_TwoRobotPickPillToRegions-v1', 'L3_TwoRobotPickRemoteControl-v1', 'L3_TwoRobotPickTennisBallGolfBall-v1', 'L3_TwoRobotPickWash-v1', 'L3_TwoRobotPlaceBookBookcase-v1', 'L3_TwoRobotPlaceBrushRest-v1', 'L3_TwoRobotPlaceBurgerTray-v1', 'L3_TwoRobotPlaceChipsRack-v1', 'L3_TwoRobotPlaceClothBasket-v1', 'L3_TwoRobotPlaceCommodityRack-v1', 'L3_TwoRobotPlaceCupPlate-v1', 'L3_TwoRobotPlaceFileFolder-v1', 'L3_TwoRobotPlaceFoodScale-v1', 'L3_TwoRobotPlaceFruitBox-v1', 'L3_TwoRobotPlaceMagazineFolder-v1', 'L3_TwoRobotPlaceMugRack-v1', 'L3_TwoRobotPlacePillBox-v1', 'L3_TwoRobotPlacePlateRack-v1', 'L3_TwoRobotPlaceScrewdriver-v1', 'L3_TwoRobotPlaceShoeBox-v1', 'L3_TwoRobotPourCup-v1', 'L3_TwoRobotPourKetchupFries-v1', 'L3_TwoRobotPourKettle-v1', 'L3_TwoRobotPourLiquidCup-v1', 'L3_TwoRobotPourLiquidFilter-v1', 'L3_TwoRobotPourLiquidMug-v1', 'L3_TwoRobotPressJuicer-v1', 'L3_TwoRobotPressStapler-v1', 'L3_TwoRobotPutBox-v1', 'L3_TwoRobotPutCubeOnScale-v1', 'L3_TwoRobotScanMilkBox-v1', 'L3_TwoRobotScanPillBottle-v1', 'L3_TwoRobotStirSpoon-v1', 'L3_TwoRobotTransFood-v1', 'L3_TwoRobotWipePot-v1']

✓ Filtered human configs: 1 loaded, 0 skipped

✓ Filtered sim configs: 2 loaded, 0 skipped

================================================================================
🎥 LOADING HUMAN VIDEO DATASET
================================================================================
Loading datasets from config: /var/tmp/imitator-game-zxc/tmp/tmpf0_1tor1.json
Loading datasets:   0%|          | 0/1 [00:00<?, ?it/s][94mLoading episodes [0] from /var/tmp/imitator-game-zxc/data/imitator_human_v1/human_H57 with split train[0m
Loading datasets: 100%|██████████| 1/1 [00:00<00:00,  8.28it/s]Loading datasets: 100%|██████████| 1/1 [00:00<00:00,  8.28it/s]
✓ Loaded 1 unique tasks
✓ HumanVideoDataset initialized
  - Tasks: 1
  - Cameras: ['zed2i']
  - Frames per sample: 10
  - Sampling strategy: uniform_jitter

================================================================================
🤖 LOADING SIM TRAJECTORY DATASET
================================================================================
  0%|          | 0/2 [00:00<?, ?it/s][94mloading episodes [0, 1, 2, 3, 4, 5, 6, 7, 8, 9, 10, 11, 12, 13, 14, 15, 16, 17, 18, 19, 20, 21, 22, 23, 24, 25, 26, 27, 28, 29, 30, 31, 32, 33, 34, 35, 36, 37, 38, 39, 40, 41, 42, 43, 44, 45, 46, 47, 48, 49] from /home/zxc/Imitator/experiments/act_placemugrack_levels/prepared/B01/sim/L0_TwoRobotPlaceMugRack-v1 with split train[0m
 50%|█████     | 1/2 [00:00<00:00,  3.02it/s][94mloading episodes [0, 1, 2, 3, 4, 5, 6, 7, 8, 9, 10, 11, 12, 13, 14, 15, 16, 17, 18, 19, 20, 21, 22, 23, 24, 25, 26, 27, 28, 29, 30, 31, 32, 33, 34, 35, 36, 37, 38, 39, 40, 41, 42, 43, 44, 45, 46, 47, 48, 49] from /home/zxc/Imitator/experiments/act_placemugrack_levels/prepared/B01/sim/L1_TwoRobotPlaceMugRack-v1 with split train[0m
100%|██████████| 2/2 [00:00<00:00,  2.92it/s]100%|██████████| 2/2 [00:00<00:00,  2.94it/s]
/home/zxc/miniconda3/envs/imitator/lib/python3.12/site-packages/albumentations/core/validation.py:114: UserWarning: ShiftScaleRotate is a special case of Affine transform. Please use Affine transform instead.
  original_init(self, **validated_kwargs)

================================================================================
🔗 VALIDATING HUMAN-SIM TASK PAIRINGS
================================================================================

🔑 Indexing human videos...
   ✓ human_H57 - 1 episodes

🔑 Indexing sim trajectories (O(sub-datasets))...
   L0_TwoRobotPlaceMugRack-v1: 11228 samples
   L1_TwoRobotPlaceMugRack-v1: 12079 samples

🔍 Validating pairings...

✅ Successfully paired: 2 task pair(s)


================================================================================
✅ HUMAN-SIM PAIRED DATASET READY
================================================================================
📊 Summary:
   - Total sim samples: 23307
   - Valid paired samples: 23307
   - Skipped samples: 0
   - Valid paired tasks: 2
   - Input mode: video_only
   - Include first frame: True
================================================================================

\n   Building FrozenVideoBackbone (dinov2_vitl14) [Frozen] ...

============================================================
[FrozenBB] Setting up frozen backbone cache (dinov2_vitl14)
  Backbone: 0 frozen tensors | Adapter: 525.8K trainable params
  [RawFeatCache] Loaded 1 entries ← /home/zxc/Imitator/experiments/act_placemugrack_levels/runs/B01_s1/te_cache/backbone_dinov2_vitl14/raw_features.pt
  [RawFeatCache] Cache ready: 1 entries loaded from disk.
  [Done] CachedFrozenBackbone ready.
  Expected per-step cost: ~0.15 ms  (dict lookup + adapter)
============================================================

   FrozenVideoBackbone: backbone frozen, cache active, adapter trainable.
  [SkipVideo] skip_human_video=True activated on dataset (1 cache entries cover all tasks).
  Video decode cost (~50-100 ms/sample) eliminated for training.
/home/zxc/miniconda3/envs/imitator/lib/python3.12/site-packages/torchvision/models/_utils.py:208: UserWarning: The parameter 'pretrained' is deprecated since 0.13 and may be removed in the future, please use 'weights' instead.
  warnings.warn(
/home/zxc/miniconda3/envs/imitator/lib/python3.12/site-packages/torchvision/models/_utils.py:223: UserWarning: Arguments other than a weight enum or `None` for 'weights' are deprecated since 0.13 and may be removed in the future. The current behavior is equivalent to passing `weights=ResNet18_Weights.IMAGENET1K_V1`. You can also use `weights=ResNet18_Weights.DEFAULT` to get the most up-to-date weights.
  warnings.warn(msg)

   ACTAgent ready
   Task encoder:  frozen_backbone (dinov2_vitl14)
   Input mode:    video_only
   Total params:  17.21M  |  Trainable: 17.21M
/home/zxc/miniconda3/envs/imitator/lib/python3.12/site-packages/torch/cuda/__init__.py:61: FutureWarning: The pynvml package is deprecated. Please install nvidia-ml-py instead. If you did not install pynvml directly, please report this to the maintainers of the package that installed pynvml for you.
  import pynvml  # type: ignore[import]
2026-10-08 09:28:14.903351: E external/local_xla/xla/stream_executor/cuda/cuda_fft.cc:467] Unable to register cuFFT factory: Attempting to register factory for plugin cuFFT when one has already been registered
WARNING: All log messages before absl::InitializeLog() is called are written to STDERR
E0000 00:00:1791422894.912681 3120661 cuda_dnn.cc:8579] Unable to register cuDNN factory: Attempting to register factory for plugin cuDNN when one has already been registered
E0000 00:00:1791422894.915844 3120661 cuda_blas.cc:1407] Unable to register cuBLAS factory: Attempting to register factory for plugin cuBLAS when one has already been registered
W0000 00:00:1791422894.924385 3120661 computation_placer.cc:177] computation placer already registered. Please check linkage and avoid linking the same target more than once.
W0000 00:00:1791422894.924397 3120661 computation_placer.cc:177] computation placer already registered. Please check linkage and avoid linking the same target more than once.
W0000 00:00:1791422894.924400 3120661 computation_placer.cc:177] computation placer already registered. Please check linkage and avoid linking the same target more than once.
W0000 00:00:1791422894.924402 3120661 computation_placer.cc:177] computation placer already registered. Please check linkage and avoid linking the same target more than once.
/home/zxc/miniconda3/envs/imitator/lib/python3.12/site-packages/torch/cuda/__init__.py:61: FutureWarning: The pynvml package is deprecated. Please install nvidia-ml-py instead. If you did not install pynvml directly, please report this to the maintainers of the package that installed pynvml for you.
  import pynvml  # type: ignore[import]
2026-10-08 09:28:19.679131: E external/local_xla/xla/stream_executor/cuda/cuda_fft.cc:467] Unable to register cuFFT factory: Attempting to register factory for plugin cuFFT when one has already been registered
WARNING: All log messages before absl::InitializeLog() is called are written to STDERR
E0000 00:00:1791422899.688471 3120776 cuda_dnn.cc:8579] Unable to register cuDNN factory: Attempting to register factory for plugin cuDNN when one has already been registered
E0000 00:00:1791422899.692033 3120776 cuda_blas.cc:1407] Unable to register cuBLAS factory: Attempting to register factory for plugin cuBLAS when one has already been registered
W0000 00:00:1791422899.701199 3120776 computation_placer.cc:177] computation placer already registered. Please check linkage and avoid linking the same target more than once.
W0000 00:00:1791422899.701232 3120776 computation_placer.cc:177] computation placer already registered. Please check linkage and avoid linking the same target more than once.
W0000 00:00:1791422899.701235 3120776 computation_placer.cc:177] computation placer already registered. Please check linkage and avoid linking the same target more than once.
W0000 00:00:1791422899.701237 3120776 computation_placer.cc:177] computation placer already registered. Please check linkage and avoid linking the same target more than once.
/home/zxc/miniconda3/envs/imitator/lib/python3.12/site-packages/torch/cuda/__init__.py:61: FutureWarning: The pynvml package is deprecated. Please install nvidia-ml-py instead. If you did not install pynvml directly, please report this to the maintainers of the package that installed pynvml for you.
  import pynvml  # type: ignore[import]
2026-10-08 09:28:24.519211: E external/local_xla/xla/stream_executor/cuda/cuda_fft.cc:467] Unable to register cuFFT factory: Attempting to register factory for plugin cuFFT when one has already been registered
WARNING: All log messages before absl::InitializeLog() is called are written to STDERR
E0000 00:00:1791422904.528518 3120924 cuda_dnn.cc:8579] Unable to register cuDNN factory: Attempting to register factory for plugin cuDNN when one has already been registered
E0000 00:00:1791422904.531672 3120924 cuda_blas.cc:1407] Unable to register cuBLAS factory: Attempting to register factory for plugin cuBLAS when one has already been registered
W0000 00:00:1791422904.540302 3120924 computation_placer.cc:177] computation placer already registered. Please check linkage and avoid linking the same target more than once.
W0000 00:00:1791422904.540322 3120924 computation_placer.cc:177] computation placer already registered. Please check linkage and avoid linking the same target more than once.
W0000 00:00:1791422904.540326 3120924 computation_placer.cc:177] computation placer already registered. Please check linkage and avoid linking the same target more than once.
W0000 00:00:1791422904.540328 3120924 computation_placer.cc:177] computation placer already registered. Please check linkage and avoid linking the same target more than once.
/home/zxc/miniconda3/envs/imitator/lib/python3.12/site-packages/torch/cuda/__init__.py:61: FutureWarning: The pynvml package is deprecated. Please install nvidia-ml-py instead. If you did not install pynvml directly, please report this to the maintainers of the package that installed pynvml for you.
  import pynvml  # type: ignore[import]
2026-10-08 09:28:29.285190: E external/local_xla/xla/stream_executor/cuda/cuda_fft.cc:467] Unable to register cuFFT factory: Attempting to register factory for plugin cuFFT when one has already been registered
WARNING: All log messages before absl::InitializeLog() is called are written to STDERR
E0000 00:00:1791422909.294480 3121001 cuda_dnn.cc:8579] Unable to register cuDNN factory: Attempting to register factory for plugin cuDNN when one has already been registered
E0000 00:00:1791422909.297633 3121001 cuda_blas.cc:1407] Unable to register cuBLAS factory: Attempting to register factory for plugin cuBLAS when one has already been registered
W0000 00:00:1791422909.306087 3121001 computation_placer.cc:177] computation placer already registered. Please check linkage and avoid linking the same target more than once.
W0000 00:00:1791422909.306100 3121001 computation_placer.cc:177] computation placer already registered. Please check linkage and avoid linking the same target more than once.
W0000 00:00:1791422909.306102 3121001 computation_placer.cc:177] computation placer already registered. Please check linkage and avoid linking the same target more than once.
W0000 00:00:1791422909.306104 3121001 computation_placer.cc:177] computation placer already registered. Please check linkage and avoid linking the same target more than once.
/home/zxc/miniconda3/envs/imitator/lib/python3.12/site-packages/torch/cuda/__init__.py:61: FutureWarning: The pynvml package is deprecated. Please install nvidia-ml-py instead. If you did not install pynvml directly, please report this to the maintainers of the package that installed pynvml for you.
  import pynvml  # type: ignore[import]
2026-10-08 09:28:34.126052: E external/local_xla/xla/stream_executor/cuda/cuda_fft.cc:467] Unable to register cuFFT factory: Attempting to register factory for plugin cuFFT when one has already been registered
WARNING: All log messages before absl::InitializeLog() is called are written to STDERR
E0000 00:00:1791422914.135242 3121108 cuda_dnn.cc:8579] Unable to register cuDNN factory: Attempting to register factory for plugin cuDNN when one has already been registered
E0000 00:00:1791422914.138685 3121108 cuda_blas.cc:1407] Unable to register cuBLAS factory: Attempting to register factory for plugin cuBLAS when one has already been registered
W0000 00:00:1791422914.147394 3121108 computation_placer.cc:177] computation placer already registered. Please check linkage and avoid linking the same target more than once.
W0000 00:00:1791422914.147414 3121108 computation_placer.cc:177] computation placer already registered. Please check linkage and avoid linking the same target more than once.
W0000 00:00:1791422914.147417 3121108 computation_placer.cc:177] computation placer already registered. Please check linkage and avoid linking the same target more than once.
W0000 00:00:1791422914.147419 3121108 computation_placer.cc:177] computation placer already registered. Please check linkage and avoid linking the same target more than once.
/home/zxc/miniconda3/envs/imitator/lib/python3.12/site-packages/torch/cuda/__init__.py:61: FutureWarning: The pynvml package is deprecated. Please install nvidia-ml-py instead. If you did not install pynvml directly, please report this to the maintainers of the package that installed pynvml for you.
  import pynvml  # type: ignore[import]
2026-10-08 09:28:38.924841: E external/local_xla/xla/stream_executor/cuda/cuda_fft.cc:467] Unable to register cuFFT factory: Attempting to register factory for plugin cuFFT when one has already been registered
WARNING: All log messages before absl::InitializeLog() is called are written to STDERR
E0000 00:00:1791422918.934614 3121221 cuda_dnn.cc:8579] Unable to register cuDNN factory: Attempting to register factory for plugin cuDNN when one has already been registered
E0000 00:00:1791422918.937923 3121221 cuda_blas.cc:1407] Unable to register cuBLAS factory: Attempting to register factory for plugin cuBLAS when one has already been registered
W0000 00:00:1791422918.946488 3121221 computation_placer.cc:177] computation placer already registered. Please check linkage and avoid linking the same target more than once.
W0000 00:00:1791422918.946505 3121221 computation_placer.cc:177] computation placer already registered. Please check linkage and avoid linking the same target more than once.
W0000 00:00:1791422918.946509 3121221 computation_placer.cc:177] computation placer already registered. Please check linkage and avoid linking the same target more than once.
W0000 00:00:1791422918.946512 3121221 computation_placer.cc:177] computation placer already registered. Please check linkage and avoid linking the same target more than once.
/home/zxc/miniconda3/envs/imitator/lib/python3.12/site-packages/torch/cuda/__init__.py:61: FutureWarning: The pynvml package is deprecated. Please install nvidia-ml-py instead. If you did not install pynvml directly, please report this to the maintainers of the package that installed pynvml for you.
  import pynvml  # type: ignore[import]
2026-10-08 09:28:43.709486: E external/local_xla/xla/stream_executor/cuda/cuda_fft.cc:467] Unable to register cuFFT factory: Attempting to register factory for plugin cuFFT when one has already been registered
WARNING: All log messages before absl::InitializeLog() is called are written to STDERR
E0000 00:00:1791422923.718909 3121361 cuda_dnn.cc:8579] Unable to register cuDNN factory: Attempting to register factory for plugin cuDNN when one has already been registered
E0000 00:00:1791422923.722085 3121361 cuda_blas.cc:1407] Unable to register cuBLAS factory: Attempting to register factory for plugin cuBLAS when one has already been registered
W0000 00:00:1791422923.730686 3121361 computation_placer.cc:177] computation placer already registered. Please check linkage and avoid linking the same target more than once.
W0000 00:00:1791422923.730703 3121361 computation_placer.cc:177] computation placer already registered. Please check linkage and avoid linking the same target more than once.
W0000 00:00:1791422923.730706 3121361 computation_placer.cc:177] computation placer already registered. Please check linkage and avoid linking the same target more than once.
W0000 00:00:1791422923.730709 3121361 computation_placer.cc:177] computation placer already registered. Please check linkage and avoid linking the same target more than once.
/home/zxc/miniconda3/envs/imitator/lib/python3.12/site-packages/torch/cuda/__init__.py:61: FutureWarning: The pynvml package is deprecated. Please install nvidia-ml-py instead. If you did not install pynvml directly, please report this to the maintainers of the package that installed pynvml for you.
  import pynvml  # type: ignore[import]
2026-10-08 09:28:48.525785: E external/local_xla/xla/stream_executor/cuda/cuda_fft.cc:467] Unable to register cuFFT factory: Attempting to register factory for plugin cuFFT when one has already been registered
WARNING: All log messages before absl::InitializeLog() is called are written to STDERR
E0000 00:00:1791422928.535075 3121497 cuda_dnn.cc:8579] Unable to register cuDNN factory: Attempting to register factory for plugin cuDNN when one has already been registered
E0000 00:00:1791422928.538227 3121497 cuda_blas.cc:1407] Unable to register cuBLAS factory: Attempting to register factory for plugin cuBLAS when one has already been registered
W0000 00:00:1791422928.546554 3121497 computation_placer.cc:177] computation placer already registered. Please check linkage and avoid linking the same target more than once.
W0000 00:00:1791422928.546567 3121497 computation_placer.cc:177] computation placer already registered. Please check linkage and avoid linking the same target more than once.
W0000 00:00:1791422928.546570 3121497 computation_placer.cc:177] computation placer already registered. Please check linkage and avoid linking the same target more than once.
W0000 00:00:1791422928.546574 3121497 computation_placer.cc:177] computation placer already registered. Please check linkage and avoid linking the same target more than once.
{"step": 1, "samples": 64, "level_sample_counts": {"L0": 32, "L1": 32}, "elapsed_train_s": 2.190996684017591, "lr": [1.1111111111111112e-07, 1.1111111111111112e-08], "loss": 76.20156860351562, "l1": 0.7803529500961304, "kl": 7.542121887207031, "memory_allocated_GiB": 0.2731194496154785}
{"step": 50, "samples": 3200, "level_sample_counts": {"L0": 1600, "L1": 1600}, "elapsed_train_s": 5.99884873101837, "lr": [5.555555555555556e-06, 5.555555555555555e-07], "loss": 68.38101196289062, "l1": 0.6421349924437854, "kl": 6.773887751053791, "memory_allocated_GiB": 0.27367639541625977}
{"step": 100, "samples": 6400, "level_sample_counts": {"L0": 3200, "L1": 3200}, "elapsed_train_s": 9.755782124004327, "lr": [1.1111111111111112e-05, 1.111111111111111e-06], "loss": 32.348064785003665, "l1": 0.46901799023151397, "kl": 3.18790470123291, "memory_allocated_GiB": 0.27208948135375977}
{"step": 150, "samples": 9600, "level_sample_counts": {"L0": 4800, "L1": 4800}, "elapsed_train_s": 13.457472439011326, "lr": [1.6666666666666667e-05, 1.6666666666666667e-06], "loss": 6.3400425481796265, "l1": 0.39124375343322754, "kl": 0.5948798739910126, "memory_allocated_GiB": 0.27306604385375977}
{"step": 200, "samples": 12800, "level_sample_counts": {"L0": 6400, "L1": 6400}, "elapsed_train_s": 17.220388293993892, "lr": [2.2222222222222223e-05, 2.222222222222222e-06], "loss": 2.8488133430480955, "l1": 0.32436031877994537, "kl": 0.2524453029036522, "memory_allocated_GiB": 0.27367639541625977}
{"step": 250, "samples": 16000, "level_sample_counts": {"L0": 8000, "L1": 8000}, "elapsed_train_s": 20.912861591001274, "lr": [2.777777777777778e-05, 2.7777777777777783e-06], "loss": 2.0056818318367005, "l1": 0.2860410714149475, "kl": 0.1719640749692917, "memory_allocated_GiB": 0.27208948135375977}
{"step": 300, "samples": 19200, "level_sample_counts": {"L0": 9600, "L1": 9600}, "elapsed_train_s": 24.658853258006275, "lr": [3.3333333333333335e-05, 3.3333333333333333e-06], "loss": 1.4730073833465576, "l1": 0.2440924119949341, "kl": 0.1228914974629879, "memory_allocated_GiB": 0.27306604385375977}
{"step": 350, "samples": 22400, "level_sample_counts": {"L0": 11200, "L1": 11200}, "elapsed_train_s": 28.326246507000178, "lr": [3.888888888888889e-05, 3.88888888888889e-06], "loss": 1.0593685448169707, "l1": 0.20439647853374482, "kl": 0.08549720704555512, "memory_allocated_GiB": 0.27367639541625977}
{"step": 400, "samples": 25600, "level_sample_counts": {"L0": 12800, "L1": 12800}, "elapsed_train_s": 31.87497269900632, "lr": [4.4444444444444447e-05, 4.444444444444444e-06], "loss": 0.7754795956611633, "l1": 0.18321883887052537, "kl": 0.05922607518732548, "memory_allocated_GiB": 0.27208948135375977}
{"step": 450, "samples": 28800, "level_sample_counts": {"L0": 14400, "L1": 14400}, "elapsed_train_s": 35.68611841200618, "lr": [5e-05, 5e-06], "loss": 0.5558765441179275, "l1": 0.16811513096094133, "kl": 0.038776141181588175, "memory_allocated_GiB": 0.27306604385375977}
{"step": 500, "samples": 32000, "level_sample_counts": {"L0": 16000, "L1": 16000}, "elapsed_train_s": 39.44774071901338, "lr": [5.555555555555556e-05, 5.555555555555557e-06], "loss": 0.40377008259296415, "l1": 0.15642678141593933, "kl": 0.024734330102801322, "memory_allocated_GiB": 0.27367639541625977}
{"step": 550, "samples": 35200, "level_sample_counts": {"L0": 17600, "L1": 17600}, "elapsed_train_s": 43.04129614299745, "lr": [6.111111111111112e-05, 6.111111111111112e-06], "loss": 0.30468451023101806, "l1": 0.14504166722297668, "kl": 0.015964284259825944, "memory_allocated_GiB": 0.27208948135375977}
{"step": 600, "samples": 38400, "level_sample_counts": {"L0": 19200, "L1": 19200}, "elapsed_train_s": 46.71789147000527, "lr": [6.666666666666667e-05, 6.666666666666667e-06], "loss": 0.24164807677268982, "l1": 0.13554416507482528, "kl": 0.010610391218215227, "memory_allocated_GiB": 0.27306604385375977}
{"step": 650, "samples": 41600, "level_sample_counts": {"L0": 20800, "L1": 20800}, "elapsed_train_s": 50.45804488501744, "lr": [7.222222222222222e-05, 7.222222222222223e-06], "loss": 0.19912823021411896, "l1": 0.12594825953245162, "kl": 0.007317997133359313, "memory_allocated_GiB": 0.27367639541625977}
{"step": 700, "samples": 44800, "level_sample_counts": {"L0": 22400, "L1": 22400}, "elapsed_train_s": 54.2123930020025, "lr": [7.777777777777778e-05, 7.77777777777778e-06], "loss": 0.17178237020969392, "l1": 0.11770961448550224, "kl": 0.005407275510951877, "memory_allocated_GiB": 0.27208948135375977}
{"step": 750, "samples": 48000, "level_sample_counts": {"L0": 24000, "L1": 24000}, "elapsed_train_s": 57.735537066997495, "lr": [8.333333333333334e-05, 8.333333333333334e-06], "loss": 0.15255159348249436, "l1": 0.11125256717205048, "kl": 0.004129902506247163, "memory_allocated_GiB": 0.27306604385375977}
{"step": 800, "samples": 51200, "level_sample_counts": {"L0": 25600, "L1": 25600}, "elapsed_train_s": 61.58478604099946, "lr": [8.888888888888889e-05, 8.888888888888888e-06], "loss": 0.13694187134504318, "l1": 0.1052014546096325, "kl": 0.0031740418076515197, "memory_allocated_GiB": 0.27367639541625977}
{"step": 850, "samples": 54400, "level_sample_counts": {"L0": 27200, "L1": 27200}, "elapsed_train_s": 65.23926113700145, "lr": [9.444444444444444e-05, 9.444444444444445e-06], "loss": 0.12522633597254754, "l1": 0.09956918090581894, "kl": 0.002565715480595827, "memory_allocated_GiB": 0.27208948135375977}
{"step": 900, "samples": 57600, "level_sample_counts": {"L0": 28800, "L1": 28800}, "elapsed_train_s": 69.04985620101797, "lr": [0.0001, 1e-05], "loss": 0.11491322055459023, "l1": 0.0934810395538807, "kl": 0.0021432180982083084, "memory_allocated_GiB": 0.27306604385375977}
{"step": 950, "samples": 60800, "level_sample_counts": {"L0": 30400, "L1": 30400}, "elapsed_train_s": 72.8067820139986, "lr": [9.999789047591562e-05, 9.999789047591563e-06], "loss": 0.10885363653302192, "l1": 0.09008101597428322, "kl": 0.001877262145280838, "memory_allocated_GiB": 0.27367639541625977}
{"step": 1000, "samples": 64000, "level_sample_counts": {"L0": 32000, "L1": 32000}, "elapsed_train_s": 76.47222765500192, "lr": [9.999156208166614e-05, 9.999156208166614e-06], "loss": 0.10155887469649315, "l1": 0.085693968385458, "kl": 0.0015864905528724194, "memory_allocated_GiB": 0.27208948135375977}
{"step": 1050, "samples": 67200, "level_sample_counts": {"L0": 33600, "L1": 33600}, "elapsed_train_s": 80.24440834901179, "lr": [9.998101535124758e-05, 9.998101535124758e-06], "loss": 0.09804028496146203, "l1": 0.08419442385435104, "kl": 0.0013845861610025168, "memory_allocated_GiB": 0.27306604385375977}
{"step": 1100, "samples": 70400, "level_sample_counts": {"L0": 35200, "L1": 35200}, "elapsed_train_s": 84.04416908699204, "lr": [9.996625117460318e-05, 9.996625117460319e-06], "loss": 0.09364805400371551, "l1": 0.08127685680985451, "kl": 0.001237119697034359, "memory_allocated_GiB": 0.27367639541625977}
{"step": 1150, "samples": 73600, "level_sample_counts": {"L0": 36800, "L1": 36800}, "elapsed_train_s": 87.76376824799809, "lr": [9.994727079754844e-05, 9.994727079754845e-06], "loss": 0.08998731508851052, "l1": 0.07906983092427254, "kl": 0.0010917484387755394, "memory_allocated_GiB": 0.27208948135375977}
{"step": 1200, "samples": 76800, "level_sample_counts": {"L0": 38400, "L1": 38400}, "elapsed_train_s": 91.56714210100472, "lr": [9.992407582166581e-05, 9.992407582166582e-06], "loss": 0.08528055310249329, "l1": 0.07541865035891533, "kl": 0.0009861902985721827, "memory_allocated_GiB": 0.27306604385375977}
{"step": 1250, "samples": 80000, "level_sample_counts": {"L0": 40000, "L1": 40000}, "elapsed_train_s": 95.39536371300346, "lr": [9.989666820416974e-05, 9.989666820416974e-06], "loss": 0.08270599767565727, "l1": 0.07418513968586922, "kl": 0.0008520858362317085, "memory_allocated_GiB": 0.27367639541625977}
{"step": 1300, "samples": 83200, "level_sample_counts": {"L0": 41600, "L1": 41600}, "elapsed_train_s": 99.14730388301541, "lr": [9.986505025774138e-05, 9.986505025774137e-06], "loss": 0.07988985076546669, "l1": 0.07153444811701774, "kl": 0.0008355402853339911, "memory_allocated_GiB": 0.27208948135375977}
{"step": 1350, "samples": 86400, "level_sample_counts": {"L0": 43200, "L1": 43200}, "elapsed_train_s": 102.79799858300248, "lr": [9.98292246503335e-05, 9.98292246503335e-06], "loss": 0.07699706435203552, "l1": 0.06972219318151474, "kl": 0.0007274871319532394, "memory_allocated_GiB": 0.27306604385375977}
{"step": 1400, "samples": 89600, "level_sample_counts": {"L0": 44800, "L1": 44800}, "elapsed_train_s": 106.5385849570157, "lr": [9.978919440494539e-05, 9.978919440494538e-06], "loss": 0.07487939104437828, "l1": 0.06823567390441894, "kl": 0.0006643717270344495, "memory_allocated_GiB": 0.27367639541625977}
{"step": 1450, "samples": 92800, "level_sample_counts": {"L0": 46400, "L1": 46400}, "elapsed_train_s": 110.12679966801079, "lr": [9.974496289936769e-05, 9.974496289936769e-06], "loss": 0.07336077958345413, "l1": 0.06669723138213157, "kl": 0.0006663548201322556, "memory_allocated_GiB": 0.27208948135375977}
{"step": 1500, "samples": 96000, "level_sample_counts": {"L0": 48000, "L1": 48000}, "elapsed_train_s": 113.76179590899847, "lr": [9.969653386589748e-05, 9.969653386589749e-06], "loss": 0.07196837276220322, "l1": 0.06548797063529492, "kl": 0.0006480402406305075, "memory_allocated_GiB": 0.27306604385375977}
{"step": 1550, "samples": 99200, "level_sample_counts": {"L0": 49600, "L1": 49600}, "elapsed_train_s": 117.45257785799913, "lr": [9.964391139102325e-05, 9.964391139102325e-06], "loss": 0.07152299597859382, "l1": 0.06433437131345272, "kl": 0.0007188625354319811, "memory_allocated_GiB": 0.27367639541625977}
{"step": 1600, "samples": 102400, "level_sample_counts": {"L0": 51200, "L1": 51200}, "elapsed_train_s": 121.10684593301266, "lr": [9.958709991508012e-05, 9.958709991508013e-06], "loss": 0.06979265749454498, "l1": 0.06319827541708946, "kl": 0.000659438194707036, "memory_allocated_GiB": 0.27208948135375977}
{"step": 1650, "samples": 105600, "level_sample_counts": {"L0": 52800, "L1": 52800}, "elapsed_train_s": 124.75781082399772, "lr": [9.952610423187516e-05, 9.952610423187516e-06], "loss": 0.06775144889950752, "l1": 0.061232778951525686, "kl": 0.0006518669985234737, "memory_allocated_GiB": 0.27306604385375977}
{"step": 1700, "samples": 108800, "level_sample_counts": {"L0": 54400, "L1": 54400}, "elapsed_train_s": 128.45979273799458, "lr": [9.946092948828289e-05, 9.94609294882829e-06], "loss": 0.0667827907204628, "l1": 0.06066444456577301, "kl": 0.0006118346191942692, "memory_allocated_GiB": 0.27367639541625977}
{"step": 1750, "samples": 112000, "level_sample_counts": {"L0": 56000, "L1": 56000}, "elapsed_train_s": 132.0908262130106, "lr": [9.939158118381098e-05, 9.939158118381097e-06], "loss": 0.06639323227107524, "l1": 0.06049672484397888, "kl": 0.0005896507203578949, "memory_allocated_GiB": 0.27208948135375977}
{"step": 1800, "samples": 115200, "level_sample_counts": {"L0": 57600, "L1": 57600}, "elapsed_train_s": 134.6925972260069, "lr": [9.931806517013612e-05, 9.931806517013612e-06], "loss": 0.06478832185268402, "l1": 0.05955614186823368, "kl": 0.0005232180282473564, "memory_allocated_GiB": 0.27306604385375977}
DEVELOPMENT {"L0": {"step": 1800, "summary": {"success_once": {"mean": 1.0, "std": 0.0}, "return": {"mean": 417.7254333496094, "std": 5.400798320770264}, "episode_len": {"mean": 500.0, "std": 0.0}, "reward": {"mean": 0.8354508636474609, "std": 0.010801596903630205}, "last_reward": {"mean": 1.0, "std": 0.0}, "success_at_end": {"mean": 0.9, "std": 0.30000000000000004}}, "stages": {"is_grasped": 20, "is_mug_above_table": 20, "is_mug_contact_rack": 20, "is_obj_placed": 20, "success": 20}}, "L1": {"step": 1800, "summary": {"success_once": {"mean": 0.75, "std": 0.4330127018922193}, "return": {"mean": 387.6575012207031, "std": 29.188865661621094}, "episode_len": {"mean": 500.0, "std": 0.0}, "reward": {"mean": 0.7753149658203125, "std": 0.0583777337319828}, "last_reward": {"mean": 0.962324371933937, "std": 0.08278912651795872}, "success_at_end": {"mean": 0.4, "std": 0.48989794855663565}}, "stages": {"is_grasped": 20, "is_mug_above_table": 20, "is_mug_contact_rack": 19, "is_obj_placed": 19, "success": 15}}, "L2": {"step": 1800, "summary": {"success_once": {"mean": 0.0, "std": 0.0}, "return": {"mean": 0.2579929530620575, "std": 0.04036932438611984}, "episode_len": {"mean": 500.0, "std": 0.0}, "reward": {"mean": 0.0005159858956933022, "std": 8.073864554199197e-05}, "last_reward": {"mean": 0.0005340941250324249, "std": 8.922289056910015e-05}, "success_at_end": {"mean": 0.0, "std": 0.0}}, "stages": {"is_grasped": 0, "is_mug_above_table": 0, "is_mug_contact_rack": 0, "is_obj_placed": 0, "success": 0}}}
{"step": 1850, "samples": 118400, "level_sample_counts": {"L0": 59200, "L1": 59200}, "elapsed_train_s": 484.95895677802037, "lr": [9.924038765061042e-05, 9.924038765061042e-06], "loss": 0.06305367104709149, "l1": 0.05812779523432255, "kl": 0.0004925875924527645, "memory_allocated_GiB": 0.27367639541625977}
{"step": 1900, "samples": 121600, "level_sample_counts": {"L0": 60800, "L1": 60800}, "elapsed_train_s": 488.7209467460052, "lr": [9.915855517973776e-05, 9.915855517973776e-06], "loss": 0.06299074195325374, "l1": 0.05855383932590485, "kl": 0.0004436902515590191, "memory_allocated_GiB": 0.27208948135375977}
{"step": 1950, "samples": 124800, "level_sample_counts": {"L0": 62400, "L1": 62400}, "elapsed_train_s": 492.45122901300783, "lr": [9.90725746626209e-05, 9.90725746626209e-06], "loss": 0.06118890285491943, "l1": 0.05731587581336498, "kl": 0.0003873026929795742, "memory_allocated_GiB": 0.27306604385375977}
{"step": 2000, "samples": 128000, "level_sample_counts": {"L0": 64000, "L1": 64000}, "elapsed_train_s": 496.16798385902075, "lr": [9.89824533543787e-05, 9.89824533543787e-06], "loss": 0.05957300677895546, "l1": 0.0561396361887455, "kl": 0.0003433370497077703, "memory_allocated_GiB": 0.27367639541625977}
{"step": 2050, "samples": 131200, "level_sample_counts": {"L0": 65600, "L1": 65600}, "elapsed_train_s": 499.86155111400876, "lr": [9.888819885953398e-05, 9.888819885953398e-06], "loss": 0.05923479802906513, "l1": 0.05530230790376663, "kl": 0.00039324902929365634, "memory_allocated_GiB": 0.27208948135375977}
{"step": 2100, "samples": 134400, "level_sample_counts": {"L0": 67200, "L1": 67200}, "elapsed_train_s": 503.61293368501356, "lr": [9.878981913137179e-05, 9.878981913137178e-06], "loss": 0.059127481505274776, "l1": 0.05464867189526558, "kl": 0.00044788096100091936, "memory_allocated_GiB": 0.27306604385375977}
{"step": 2150, "samples": 137600, "level_sample_counts": {"L0": 68800, "L1": 68800}, "elapsed_train_s": 507.2700098080095, "lr": [9.86873224712684e-05, 9.86873224712684e-06], "loss": 0.05711391568183899, "l1": 0.05305715426802635, "kl": 0.0004056761506944895, "memory_allocated_GiB": 0.27367639541625977}
