POSTPROCESS analyze_results.py
{
  "A10": {
    "success_once_count": {
      "per_seed_rates": [
        0.96,
        0.94,
        0.99
      ],
      "mean": 0.9633333333333333,
      "sample_std": 0.025166114784235853
    },
    "success_at_end_count": {
      "per_seed_rates": [
        0.91,
        0.88,
        0.9
      ],
      "mean": 0.8966666666666667,
      "sample_std": 0.01527525231651948
    },
    "failure_category_counts_300_rollouts": {
      "success_at_end": 269,
      "transient_success_only": 20,
      "never_grasped": 0,
      "grasped_without_lift": 0,
      "lifted_without_rack_contact": 9,
      "rack_contact_without_success": 2
    }
  },
  "A50": {
    "success_once_count": {
      "per_seed_rates": [
        0.99,
        0.98,
        0.98
      ],
      "mean": 0.9833333333333333,
      "sample_std": 0.005773502691896263
    },
    "success_at_end_count": {
      "per_seed_rates": [
        0.94,
        0.96,
        0.96
      ],
      "mean": 0.9533333333333333,
      "sample_std": 0.011547005383792526
    },
    "failure_category_counts_300_rollouts": {
      "success_at_end": 286,
      "transient_success_only": 9,
      "never_grasped": 0,
      "grasped_without_lift": 0,
      "lifted_without_rack_contact": 2,
      "rack_contact_without_success": 3
    }
  }
}
POSTPROCESS plot_results.py
Saved learning_curves and final_success as PNG/PDF
POSTPROCESS collect_examples.py
VIDEO EXAMPLES A50_s1 {"stable_success": {"status": "available", "category": "stable_success", "seed": 2000, "original_metrics": {"success_once": true, "success_at_end": true}, "video": "/home/zxc/Imitator/experiments/act_placemugrack_study/runs/A50_s1/test/videos/0.mp4", "supplementary": false, "replay_checks": null}, "failure": {"status": "available", "category": "failure", "seed": 2034, "original_metrics": {"success_once": false, "success_at_end": false}, "video": "/home/zxc/Imitator/experiments/act_placemugrack_study/supplementary_videos/A50_s1/failure_seed_2034/videos/0.mp4", "supplementary": true, "replay_checks": {"source_result": "/home/zxc/Imitator/experiments/act_placemugrack_study/runs/A50_s1/test/result.json", "seed": 2034, "environment_index": 2, "batch_start": 2032, "selected_after_test_for_illustration_only": true, "excluded_from_primary_results": true, "factory_only_change": "video recording environment index", "initial_conditions_match": true, "success_metrics_match_original": true, "stage_first_steps_match_original": true}}}
VIDEO EXAMPLES A10_s1 {"stable_success": {"status": "available", "category": "stable_success", "seed": 2000, "original_metrics": {"success_once": true, "success_at_end": true}, "video": "/home/zxc/Imitator/experiments/act_placemugrack_study/runs/A10_s1/test/videos/0.mp4", "supplementary": false, "replay_checks": null}, "failure": {"status": "available", "category": "failure", "seed": 2006, "original_metrics": {"success_once": false, "success_at_end": false}, "video": "/home/zxc/Imitator/experiments/act_placemugrack_study/supplementary_videos/A10_s1/failure_seed_2006/videos/0.mp4", "supplementary": true, "replay_checks": {"source_result": "/home/zxc/Imitator/experiments/act_placemugrack_study/runs/A10_s1/test/result.json", "seed": 2006, "environment_index": 2, "batch_start": 2004, "selected_after_test_for_illustration_only": true, "excluded_from_primary_results": true, "factory_only_change": "video recording environment index", "initial_conditions_match": true, "success_metrics_match_original": true, "stage_first_steps_match_original": true}}}
VIDEO EXAMPLES A50_s2 {"stable_success": {"status": "available", "category": "stable_success", "seed": 2000, "original_metrics": {"success_once": true, "success_at_end": true}, "video": "/home/zxc/Imitator/experiments/act_placemugrack_study/runs/A50_s2/test/videos/0.mp4", "supplementary": false, "replay_checks": null}, "failure": {"status": "available", "category": "failure", "seed": 2029, "original_metrics": {"success_once": false, "success_at_end": false}, "video": "/home/zxc/Imitator/experiments/act_placemugrack_study/supplementary_videos/A50_s2/failure_seed_2029/videos/0.mp4", "supplementary": true, "replay_checks": {"source_result": "/home/zxc/Imitator/experiments/act_placemugrack_study/runs/A50_s2/test/result.json", "seed": 2029, "environment_index": 1, "batch_start": 2028, "selected_after_test_for_illustration_only": true, "excluded_from_primary_results": true, "factory_only_change": "video recording environment index", "initial_conditions_match": true, "success_metrics_match_original": true, "stage_first_steps_match_original": true}}}
VIDEO EXAMPLES A10_s2 {"stable_success": {"status": "available", "category": "stable_success", "seed": 2000, "original_metrics": {"success_once": true, "success_at_end": true}, "video": "/home/zxc/Imitator/experiments/act_placemugrack_study/runs/A10_s2/test/videos/0.mp4", "supplementary": false, "replay_checks": null}, "failure": {"status": "available", "category": "failure", "seed": 2007, "original_metrics": {"success_once": false, "success_at_end": false}, "video": "/home/zxc/Imitator/experiments/act_placemugrack_study/supplementary_videos/A10_s2/failure_seed_2007/videos/0.mp4", "supplementary": true, "replay_checks": {"source_result": "/home/zxc/Imitator/experiments/act_placemugrack_study/runs/A10_s2/test/result.json", "seed": 2007, "environment_index": 3, "batch_start": 2004, "selected_after_test_for_illustration_only": true, "excluded_from_primary_results": true, "factory_only_change": "video recording environment index", "initial_conditions_match": true, "success_metrics_match_original": true, "stage_first_steps_match_original": true}}}
VIDEO EXAMPLES A50_s3 {"stable_success": {"status": "available", "category": "stable_success", "seed": 2000, "original_metrics": {"success_once": true, "success_at_end": true}, "video": "/home/zxc/Imitator/experiments/act_placemugrack_study/runs/A50_s3/test/videos/0.mp4", "supplementary": false, "replay_checks": null}, "failure": {"status": "available", "category": "failure", "seed": 2019, "original_metrics": {"success_once": false, "success_at_end": false}, "video": "/home/zxc/Imitator/experiments/act_placemugrack_study/supplementary_videos/A50_s3/failure_seed_2019/videos/0.mp4", "supplementary": true, "replay_checks": {"source_result": "/home/zxc/Imitator/experiments/act_placemugrack_study/runs/A50_s3/test/result.json", "seed": 2019, "environment_index": 3, "batch_start": 2016, "selected_after_test_for_illustration_only": true, "excluded_from_primary_results": true, "factory_only_change": "video recording environment index", "initial_conditions_match": true, "success_metrics_match_original": true, "stage_first_steps_match_original": true}}}
VIDEO EXAMPLES A10_s3 {"stable_success": {"status": "available", "category": "stable_success", "seed": 2000, "original_metrics": {"success_once": true, "success_at_end": true}, "video": "/home/zxc/Imitator/experiments/act_placemugrack_study/runs/A10_s3/test/videos/0.mp4", "supplementary": false, "replay_checks": null}, "failure": {"status": "available", "category": "failure", "seed": 2082, "original_metrics": {"success_once": false, "success_at_end": false}, "video": "/home/zxc/Imitator/experiments/act_placemugrack_study/supplementary_videos/A10_s3/failure_seed_2082/videos/0.mp4", "supplementary": true, "replay_checks": {"source_result": "/home/zxc/Imitator/experiments/act_placemugrack_study/runs/A10_s3/test/result.json", "seed": 2082, "environment_index": 2, "batch_start": 2080, "selected_after_test_for_illustration_only": true, "excluded_from_primary_results": true, "factory_only_change": "video recording environment index", "initial_conditions_match": true, "success_metrics_match_original": true, "stage_first_steps_match_original": true}}}
ALL VIDEO EXAMPLES INDEXED
POSTPROCESS final_audit.py
{
  "status": "passed",
  "counts": {
    "training_runs": 6,
    "optimizer_updates": 108000,
    "sample_presentations": 6912000,
    "checkpoints": 30,
    "development_episodes": 600,
    "test_episodes": 600,
    "environment_steps": 600000,
    "policy_queries_individual_envs": 150000,
    "videos": 72
  },
  "source_commit": "d6d16ec511bc389e0a207692730c137bc022ef14",
  "original_execution_scripts_unchanged": true,
  "upstream_tracked_python_unchanged": true,
  "checkpoint_sha256_all_verified": true,
  "videos_all_501_frames": true,
  "test_selections_frozen_before_tests": true,
  "runs": [
    {
      "run": "A50_s1",
      "steps": 18000,
      "samples": 1152000,
      "selected_step": 5400,
      "checkpoint_roles": {
        "best_model.pt": "step_005400.pt",
        "last.pt": "step_018000.pt",
        "final_model.pt": "step_018000.pt"
      }
    },
    {
      "run": "A10_s1",
      "steps": 18000,
      "samples": 1152000,
      "selected_step": 12600,
      "checkpoint_roles": {
        "best_model.pt": "step_012600.pt",
        "last.pt": "step_018000.pt",
        "final_model.pt": "step_018000.pt"
      }
    },
    {
      "run": "A50_s2",
      "steps": 18000,
      "samples": 1152000,
      "selected_step": 12600,
      "checkpoint_roles": {
        "best_model.pt": "step_012600.pt",
        "last.pt": "step_018000.pt",
        "final_model.pt": "step_018000.pt"
      }
    },
    {
      "run": "A10_s2",
      "steps": 18000,
      "samples": 1152000,
      "selected_step": 18000,
      "checkpoint_roles": {
        "best_model.pt": "step_018000.pt",
        "last.pt": "step_018000.pt",
        "final_model.pt": "step_018000.pt"
      }
    },
    {
      "run": "A50_s3",
      "steps": 18000,
      "samples": 1152000,
      "selected_step": 5400,
      "checkpoint_roles": {
        "best_model.pt": "step_005400.pt",
        "last.pt": "step_018000.pt",
        "final_model.pt": "step_018000.pt"
      }
    },
    {
      "run": "A10_s3",
      "steps": 18000,
      "samples": 1152000,
      "selected_step": 5400,
      "checkpoint_roles": {
        "best_model.pt": "step_005400.pt",
        "last.pt": "step_018000.pt",
        "final_model.pt": "step_018000.pt"
      }
    }
  ]
}
POSTPROCESS write_report.py
/home/zxc/Imitator/LearningDocs/07_PLACEMUGRACK_EXPERIMENT_RESULTS.md
POSTPROCESS COMPLETE
