/home/zxc/miniconda3/envs/imitator/lib/python3.12/site-packages/torch/cuda/__init__.py:61: FutureWarning: The pynvml package is deprecated. Please install nvidia-ml-py instead. If you did not install pynvml directly, please report this to the maintainers of the package that installed pynvml for you.
  import pynvml  # type: ignore[import]
2026-10-07 01:46:13.707622: I tensorflow/core/util/port.cc:153] oneDNN custom operations are on. You may see slightly different numerical results due to floating-point round-off errors from different computation orders. To turn them off, set the environment variable `TF_ENABLE_ONEDNN_OPTS=0`.
2026-10-07 01:46:13.716440: E external/local_xla/xla/stream_executor/cuda/cuda_fft.cc:467] Unable to register cuFFT factory: Attempting to register factory for plugin cuFFT when one has already been registered
WARNING: All log messages before absl::InitializeLog() is called are written to STDERR
E0000 00:00:1791308773.726043  996289 cuda_dnn.cc:8579] Unable to register cuDNN factory: Attempting to register factory for plugin cuDNN when one has already been registered
E0000 00:00:1791308773.729377  996289 cuda_blas.cc:1407] Unable to register cuBLAS factory: Attempting to register factory for plugin cuBLAS when one has already been registered
W0000 00:00:1791308773.738478  996289 computation_placer.cc:177] computation placer already registered. Please check linkage and avoid linking the same target more than once.
W0000 00:00:1791308773.738489  996289 computation_placer.cc:177] computation placer already registered. Please check linkage and avoid linking the same target more than once.
W0000 00:00:1791308773.738492  996289 computation_placer.cc:177] computation placer already registered. Please check linkage and avoid linking the same target more than once.
W0000 00:00:1791308773.738494  996289 computation_placer.cc:177] computation placer already registered. Please check linkage and avoid linking the same target more than once.
2026-10-07 01:46:13.740809: I tensorflow/core/platform/cpu_feature_guard.cc:210] This TensorFlow binary is optimized to use available CPU instructions in performance-critical operations.
To enable the following instructions: AVX2 AVX512F AVX512_VNNI AVX512_BF16 FMA, in other operations, rebuild TensorFlow with the appropriate compiler flags.
/home/zxc/miniconda3/envs/imitator/lib/python3.12/site-packages/torchvision/models/_utils.py:208: UserWarning: The parameter 'pretrained' is deprecated since 0.13 and may be removed in the future, please use 'weights' instead.
  warnings.warn(
/home/zxc/miniconda3/envs/imitator/lib/python3.12/site-packages/torchvision/models/_utils.py:223: UserWarning: Arguments other than a weight enum or `None` for 'weights' are deprecated since 0.13 and may be removed in the future. The current behavior is equivalent to passing `weights=ResNet18_Weights.IMAGENET1K_V1`. You can also use `weights=ResNet18_Weights.DEFAULT` to get the most up-to-date weights.
  warnings.warn(msg)

🤖 Creating ACTAgent ...
\n   Building FrozenVideoBackbone (dinov2_vitl14) [Frozen] ...

   ACTAgent ready
   Task encoder:  frozen_backbone (dinov2_vitl14)
   Input mode:    video_only
   Total params:  17.21M  |  Trainable: 17.21M

✅ Agent loaded
   Epoch: 154
   Total parameters: 17.21M
✓ Loaded 53 task descriptions
Loading datasets from config: /home/zxc/Imitator/experiments/act_placemugrack_study/prepared/human_ep1.json
Loading datasets:   0%|          | 0/1 [00:00<?, ?it/s]Loading datasets: 100%|██████████| 1/1 [00:00<00:00,  8.61it/s]Loading datasets: 100%|██████████| 1/1 [00:00<00:00,  8.60it/s]
Using a slow image processor as `use_fast` is unset and a slow processor was saved with this model. `use_fast=True` will be the default behavior in v4.52, even if the model was saved with a slow processor. This will result in minor differences in outputs. You'll still be able to use a slow processor with `use_fast=False`.
[94mLoading episodes [1] from /var/tmp/imitator-game-zxc/data/imitator_human_v1/human_H57 with split train[0m
✓ Loaded 1 unique tasks
✓ HumanVideoDataset initialized
  - Tasks: 1
  - Cameras: ['zed2i']
  - Frames per sample: 10
  - Sampling strategy: uniform_jitter
  [FrozenVideoBackbone] Loading facebook/dinov2-large (DINOv2 via HF) ...
  ✓ DINOv2 facebook/dinov2-large: 304M params loaded
/home/zxc/miniconda3/envs/imitator/lib/python3.12/site-packages/torch/cuda/__init__.py:61: FutureWarning: The pynvml package is deprecated. Please install nvidia-ml-py instead. If you did not install pynvml directly, please report this to the maintainers of the package that installed pynvml for you.
  import pynvml  # type: ignore[import]
/home/zxc/miniconda3/envs/imitator/lib/python3.12/site-packages/torch/cuda/__init__.py:61: FutureWarning: The pynvml package is deprecated. Please install nvidia-ml-py instead. If you did not install pynvml directly, please report this to the maintainers of the package that installed pynvml for you.
  import pynvml  # type: ignore[import]
/home/zxc/miniconda3/envs/imitator/lib/python3.12/site-packages/torch/cuda/__init__.py:61: FutureWarning: The pynvml package is deprecated. Please install nvidia-ml-py instead. If you did not install pynvml directly, please report this to the maintainers of the package that installed pynvml for you.
  import pynvml  # type: ignore[import]
/home/zxc/miniconda3/envs/imitator/lib/python3.12/site-packages/torch/cuda/__init__.py:61: FutureWarning: The pynvml package is deprecated. Please install nvidia-ml-py instead. If you did not install pynvml directly, please report this to the maintainers of the package that installed pynvml for you.
  import pynvml  # type: ignore[import]
Eval [video_only]:   0%|          | 0/4 [00:00<?, ?ep/s]Eval [video_only]: 100%|██████████| 4/4 [00:12<00:00,  3.06s/ep]Eval [video_only]: 100%|██████████| 4/4 [00:12<00:00,  3.06s/ep]
EVALUATION PASSED {"status": "passed", "checkpoint": "/home/zxc/Imitator/experiments/act_placemugrack_study/runs/A10_s3/checkpoints/step_005400.pt", "checkpoint_sha256": "f0d5ff190631bddb25b1a286b5bb79cad3f7b57d852836ca8dd8311631e1047e", "checkpoint_step": 5400, "condition": "A10", "num_envs": 4, "human_episode": 1, "human_video_sha256": "5c544a193ef9017c492bff8f8854d021900180ec518b429a9d225aa83260d132", "stats_sha256": "1e014f0fb0a8620b104d43fcb5f72905f16858ad7e3a0ba8a21a9df82c5cb4c1", "all_loaded_tensors_equal": 253, "trainable_tensor_count": 171, "optimizer_steps": [5400], "policy_queries": 125, "vector_steps": 500, "auxiliary_dtw": false, "video_recording": true, "preselected_video_seeds": [2080], "first_policy_action": [[1.0035130977630615, -0.06161915510892868, -1.0707957744598389, 0.05385185405611992, -0.7182856202125549, 0.9129784107208252, 1.0956248044967651, 1.0465563535690308, -0.8869158625602722, -0.7592544555664062, 0.22300447523593903, 0.33202528953552246, 0.005535483360290527, 0.15977051854133606, -0.15483301877975464, -1.032375693321228], [1.0185624361038208, 0.06255748867988586, -0.9061999320983887, -0.09638874232769012, -0.7957524657249451, 0.907139003276825, 0.9673683643341064, 1.0164268016815186, -0.17499703168869019, 0.7618688344955444, 0.4282689690589905, -0.7840282320976257, -0.5539199113845825, 0.1725553572177887, 0.18182116746902466, -1.0321624279022217], [0.9686869382858276, 0.03206915035843849, -0.867563784122467, -0.0069528259336948395, -0.6662768125534058, 0.8323901891708374, 0.732642650604248, 0.9816945195198059, 0.6421633958816528, 0.5397995710372925, -0.13174839317798615, -0.09371992945671082, 0.10721781849861145, 0.1367958039045334, -0.7309006452560425, -1.0262341499328613], [0.9624122977256775, 0.012295613065361977, -1.0234025716781616, 0.07861921936273575, -0.6819193959236145, 0.8871337175369263, 1.1204913854599, 1.0457847118377686, -0.8777446150779724, 0.4313865303993225, 0.2332509160041809, 0.4369417428970337, 0.4409465193748474, 0.01319899968802929, 0.5880059599876404, -1.0327719449996948]], "summary": {"success_once": {"mean": 0.75, "std": 0.4330127018922193}, "return": {"mean": 364.5823059082031, "std": 45.76441955566406}, "episode_len": {"mean": 500.0, "std": 0.0}, "reward": {"mean": 0.7291646270751954, "std": 0.09152883683632915}, "last_reward": {"mean": 0.9110866189002991, "std": 0.15400249353741635}, "success_at_end": {"mean": 0.75, "std": 0.4330127018922193}}, "stage_counts": {"is_grasped": 4, "is_mug_above_table": 4, "is_mug_contact_rack": 3, "is_obj_placed": 3, "success": 3}, "rollout_seconds": 12.601203680038452, "wall_seconds": 25.82454013824463}
SUPPLEMENTARY VIDEO {"source_result": "/home/zxc/Imitator/experiments/act_placemugrack_study/runs/A10_s3/test/result.json", "seed": 2082, "environment_index": 2, "batch_start": 2080, "selected_after_test_for_illustration_only": true, "excluded_from_primary_results": true, "factory_only_change": "video recording environment index", "initial_conditions_match": true, "success_metrics_match_original": true, "stage_first_steps_match_original": true}
