/home/zxc/miniconda3/envs/imitator/lib/python3.12/site-packages/torch/cuda/__init__.py:61: FutureWarning: The pynvml package is deprecated. Please install nvidia-ml-py instead. If you did not install pynvml directly, please report this to the maintainers of the package that installed pynvml for you.
  import pynvml  # type: ignore[import]
{
  "env_id": "TwoRobotPlaceMugRack-v1",
  "seed": 42,
  "steps": 3,
  "obs_shapes": {
    "agent": {
      "panda_wristcam-0": {
        "qpos": [
          1,
          9
        ],
        "qvel": [
          1,
          9
        ]
      },
      "panda_wristcam-1": {
        "qpos": [
          1,
          9
        ],
        "qvel": [
          1,
          9
        ]
      }
    },
    "extra": {
      "left_tcp_pose": [
        1,
        7
      ],
      "right_tcp_pose": [
        1,
        7
      ],
      "mug_pose": [
        1,
        7
      ],
      "rack_pose": [
        1,
        7
      ],
      "is_grasped": [
        1
      ],
      "is_mug_above_table": [
        1
      ]
    },
    "sensor_param": {
      "zed2i": {
        "extrinsic_cv": [
          1,
          3,
          4
        ],
        "cam2world_gl": [
          1,
          4,
          4
        ],
        "intrinsic_cv": [
          1,
          3,
          3
        ]
      }
    },
    "sensor_data": {
      "zed2i": {
        "rgb": [
          1,
          224,
          224,
          3
        ]
      }
    }
  },
  "action_shapes": {
    "panda_wristcam-0": [
      8
    ],
    "panda_wristcam-1": [
      8
    ]
  },
  "reward": [
    0.06919243931770325
  ],
  "info_shapes": {
    "elapsed_steps": [
      1
    ],
    "is_grasped": [
      1
    ],
    "is_mug_contact_rack": [
      1
    ],
    "is_mug_above_table": [
      1
    ],
    "is_obj_placed": [
      1
    ],
    "is_robot_static": [
      1
    ],
    "success": [
      1
    ],
    "R1_reach_mug": [
      1
    ],
    "R2_grasp_mug": [
      1
    ],
    "R3_transport_mug": [
      1
    ],
    "R4_place_mug": [
      1
    ]
  }
}
