/home/zxc/miniconda3/envs/imitator/lib/python3.12/site-packages/torch/cuda/__init__.py:61: FutureWarning: The pynvml package is deprecated. Please install nvidia-ml-py instead. If you did not install pynvml directly, please report this to the maintainers of the package that installed pynvml for you.
  import pynvml  # type: ignore[import]

================================================================================
🧪 ACT EVALUATION (Frozen Video Backbone)
================================================================================

📝 Input Mode: video_only
   Total environments: 1
   Existing results: 0 env(s)

   ⏭️  Skipping:  0
   🔜 Pending:   1
2026-10-06 21:55:21.445845: I tensorflow/core/util/port.cc:153] oneDNN custom operations are on. You may see slightly different numerical results due to floating-point round-off errors from different computation orders. To turn them off, set the environment variable `TF_ENABLE_ONEDNN_OPTS=0`.
2026-10-06 21:55:21.454570: E external/local_xla/xla/stream_executor/cuda/cuda_fft.cc:467] Unable to register cuFFT factory: Attempting to register factory for plugin cuFFT when one has already been registered
WARNING: All log messages before absl::InitializeLog() is called are written to STDERR
E0000 00:00:1791294921.463903  421015 cuda_dnn.cc:8579] Unable to register cuDNN factory: Attempting to register factory for plugin cuDNN when one has already been registered
E0000 00:00:1791294921.467098  421015 cuda_blas.cc:1407] Unable to register cuBLAS factory: Attempting to register factory for plugin cuBLAS when one has already been registered
W0000 00:00:1791294921.476005  421015 computation_placer.cc:177] computation placer already registered. Please check linkage and avoid linking the same target more than once.
W0000 00:00:1791294921.476015  421015 computation_placer.cc:177] computation placer already registered. Please check linkage and avoid linking the same target more than once.
W0000 00:00:1791294921.476016  421015 computation_placer.cc:177] computation placer already registered. Please check linkage and avoid linking the same target more than once.
W0000 00:00:1791294921.476018  421015 computation_placer.cc:177] computation placer already registered. Please check linkage and avoid linking the same target more than once.
2026-10-06 21:55:21.478286: I tensorflow/core/platform/cpu_feature_guard.cc:210] This TensorFlow binary is optimized to use available CPU instructions in performance-critical operations.
To enable the following instructions: AVX2 AVX512F AVX512_VNNI AVX512_BF16 FMA, in other operations, rebuild TensorFlow with the appropriate compiler flags.

🤖 Creating ACTAgent ...
\n   Building FrozenVideoBackbone (dinov2_vitl14) [Frozen] ...
/home/zxc/miniconda3/envs/imitator/lib/python3.12/site-packages/torchvision/models/_utils.py:208: UserWarning: The parameter 'pretrained' is deprecated since 0.13 and may be removed in the future, please use 'weights' instead.
  warnings.warn(
/home/zxc/miniconda3/envs/imitator/lib/python3.12/site-packages/torchvision/models/_utils.py:223: UserWarning: Arguments other than a weight enum or `None` for 'weights' are deprecated since 0.13 and may be removed in the future. The current behavior is equivalent to passing `weights=ResNet18_Weights.IMAGENET1K_V1`. You can also use `weights=ResNet18_Weights.DEFAULT` to get the most up-to-date weights.
  warnings.warn(msg)

   ACTAgent ready
   Task encoder:  frozen_backbone (dinov2_vitl14)
   Input mode:    video_only
   Total params:  17.21M  |  Trainable: 17.21M
⚠️  Unexpected keys (439): ['task_encoder._backbone.embeddings.cls_token', 'task_encoder._backbone.embeddings.mask_token', 'task_encoder._backbone.embeddings.position_embeddings', 'task_encoder._backbone.embeddings.patch_embeddings.projection.weight', 'task_encoder._backbone.embeddings.patch_embeddings.projection.bias']...

✅ Agent loaded
   Epoch: 3
   Total parameters: 17.21M
  [FrozenVideoBackbone] Loading facebook/dinov2-large (DINOv2 via HF) ...
Using a slow image processor as `use_fast` is unset and a slow processor was saved with this model. `use_fast=True` will be the default behavior in v4.52, even if the model was saved with a slow processor. This will result in minor differences in outputs. You'll still be able to use a slow processor with `use_fast=False`.
  ✓ DINOv2 facebook/dinov2-large: 304M params loaded
CHECKPOINT VERIFIED: all state tensors exactly equal; optimizer at step 171
✓ Loaded 53 task descriptions
Loading datasets from config: /home/zxc/Imitator/experiments/act_placemugrack_smoke/configs/human_eval.json
Loading datasets:   0%|          | 0/1 [00:00<?, ?it/s][94mLoading episodes [1] from /var/tmp/imitator-game-zxc/data/imitator_human_v1/human_H57 with split train[0m
Loading datasets: 100%|██████████| 1/1 [00:00<00:00,  8.56it/s]Loading datasets: 100%|██████████| 1/1 [00:00<00:00,  8.55it/s]
✓ Loaded 1 unique tasks
✓ HumanVideoDataset initialized
  - Tasks: 1
  - Cameras: ['zed2i']
  - Frames per sample: 10
  - Sampling strategy: uniform_jitter
✅ Evaluate processor ready

📏 Building GT trajectory provider for TSS...
✅ GT trajectories loaded for 2 task(s).

📝 Incremental log: /home/zxc/Imitator/experiments/act_placemugrack_smoke/evaluation/eval_envs_video_only_20261006_215521.json

================================================================================
🚀 STARTING EVALUATIONS [video_only]
================================================================================
Evaluating:   0%|          | 0/1 [00:00<?, ?it/s]
============================================================
🎯 Evaluating: L0_TwoRobotPlaceMugRack-v1
   Base env: TwoRobotPlaceMugRack-v1, Level: L0
============================================================

Eval [video_only][+DTW]:   0%|          | 0/2 [00:00<?, ?ep/s][A
Eval [video_only][+DTW]:  50%|█████     | 1/2 [00:09<00:09,  9.55s/ep][A
Eval [video_only][+DTW]: 100%|██████████| 2/2 [00:19<00:00,  9.80s/ep][AEval [video_only][+DTW]: 100%|██████████| 2/2 [00:19<00:00,  9.94s/ep]

📊 Results [video_only]:
   success_once: 0.0000 ± 0.0000
   success_at_end: 0.0000 ± 0.0000
   return: 46.9098 ± 0.2272

📏 Trajectory Similarity:
   wTSS        : 0.0000  (= SR × TSS_success)
   TSS_success : N/A  (no successful episodes)
   TSS_fail    : 0.4591 ± 0.0084
   nDTW_fail   : 1.1789 ± 0.0399
✅ [1/1] L0_TwoRobotPlaceMugRack-v1 | success_once=0.0000 | wTSS=0.0000 | log updated
Evaluating: 100%|██████████| 1/1 [00:24<00:00, 24.03s/it]Evaluating: 100%|██████████| 1/1 [00:24<00:00, 24.03s/it]

================================================================================
📊 RESULTS SUMMARY [video_only]
================================================================================

Environment                                   Level  Success   
-----------------------------------------------------------------
L0_TwoRobotPlaceMugRack-v1                    L0     0.0000    
-----------------------------------------------------------------
OVERALL AVERAGE                               ALL    0.0000    

✅ DONE  (skipped 0, evaluated 1)
   JSON: /home/zxc/Imitator/experiments/act_placemugrack_smoke/evaluation/eval_envs_video_only_20261006_215521.json
   CSV:  /home/zxc/Imitator/experiments/act_placemugrack_smoke/evaluation/eval_envs_video_only_20261006_215521.csv
