/home/zxc/miniconda3/envs/imitator/lib/python3.12/site-packages/torch/cuda/__init__.py:61: FutureWarning: The pynvml package is deprecated. Please install nvidia-ml-py instead. If you did not install pynvml directly, please report this to the maintainers of the package that installed pynvml for you.
  import pynvml  # type: ignore[import]
2026-10-08 09:28:08.235890: I tensorflow/core/util/port.cc:153] oneDNN custom operations are on. You may see slightly different numerical results due to floating-point round-off errors from different computation orders. To turn them off, set the environment variable `TF_ENABLE_ONEDNN_OPTS=0`.
2026-10-08 09:28:08.244538: E external/local_xla/xla/stream_executor/cuda/cuda_fft.cc:467] Unable to register cuFFT factory: Attempting to register factory for plugin cuFFT when one has already been registered
WARNING: All log messages before absl::InitializeLog() is called are written to STDERR
E0000 00:00:1791422888.254821 3120399 cuda_dnn.cc:8579] Unable to register cuDNN factory: Attempting to register factory for plugin cuDNN when one has already been registered
E0000 00:00:1791422888.258165 3120399 cuda_blas.cc:1407] Unable to register cuBLAS factory: Attempting to register factory for plugin cuBLAS when one has already been registered
W0000 00:00:1791422888.267080 3120399 computation_placer.cc:177] computation placer already registered. Please check linkage and avoid linking the same target more than once.
W0000 00:00:1791422888.267098 3120399 computation_placer.cc:177] computation placer already registered. Please check linkage and avoid linking the same target more than once.
W0000 00:00:1791422888.267101 3120399 computation_placer.cc:177] computation placer already registered. Please check linkage and avoid linking the same target more than once.
W0000 00:00:1791422888.267104 3120399 computation_placer.cc:177] computation placer already registered. Please check linkage and avoid linking the same target more than once.
2026-10-08 09:28:08.269368: I tensorflow/core/platform/cpu_feature_guard.cc:210] This TensorFlow binary is optimized to use available CPU instructions in performance-critical operations.
To enable the following instructions: AVX2 AVX512F AVX512_VNNI AVX512_BF16 FMA, in other operations, rebuild TensorFlow with the appropriate compiler flags.

================================================================================
🔄 INITIALIZING HUMAN-SIM PAIRED DATASET
================================================================================
   Input mode: video_only
   Include first frame: True

📖 Loading task mapping from: examples/baselines/lerobot_dataset/task_mapping.json
   ✓ 53 human task descriptions
   ✓ 200 sim task descriptions

✓ Mapping loaded:
  - 53 human tasks: ['human_H1', 'human_H10', 'human_H11', 'human_H12', 'human_H13', 'human_H14', 'human_H15', 'human_H16', 'human_H17', 'human_H18', 'human_H19', 'human_H2', 'human_H20', 'human_H21', 'human_H22', 'human_H23', 'human_H24', 'human_H25', 'human_H26', 'human_H27', 'human_H28', 'human_H29', 'human_H3', 'human_H30', 'human_H31', 'human_H32', 'human_H33', 'human_H34', 'human_H35', 'human_H36', 'human_H37', 'human_H38', 'human_H39', 'human_H4', 'human_H40', 'human_H41', 'human_H42', 'human_H43', 'human_H44', 'human_H45', 'human_H46', 'human_H47', 'human_H48', 'human_H49', 'human_H5', 'human_H50', 'human_H56', 'human_H57', 'human_H58', 'human_H6', 'human_H7', 'human_H8', 'human_H9']
  - 200 sim tasks: ['L0_TwoRobotCleanCup-v1', 'L0_TwoRobotCleanDesk-v1', 'L0_TwoRobotCutFruit-v1', 'L0_TwoRobotFoldBox-v1', 'L0_TwoRobotFoldTowel-v1', 'L0_TwoRobotGrindFood-v1', 'L0_TwoRobotKnifeBowlFork-v1', 'L0_TwoRobotLiftLidFromSkillet-v1', 'L0_TwoRobotOpenBox-v1', 'L0_TwoRobotOpenLiquidCap-v1', 'L0_TwoRobotPickAppleBananaToBaskets-v1', 'L0_TwoRobotPickAppleBasket-v1', 'L0_TwoRobotPickAppleToScale-v1', 'L0_TwoRobotPickFood-v1', 'L0_TwoRobotPickFruitsToPlate-v1', 'L0_TwoRobotPickPillToRegions-v1', 'L0_TwoRobotPickRemoteControl-v1', 'L0_TwoRobotPickTennisBallGolfBall-v1', 'L0_TwoRobotPickWash-v1', 'L0_TwoRobotPlaceBookBookcase-v1', 'L0_TwoRobotPlaceBrushRest-v1', 'L0_TwoRobotPlaceBurgerTray-v1', 'L0_TwoRobotPlaceChipsRack-v1', 'L0_TwoRobotPlaceClothBasket-v1', 'L0_TwoRobotPlaceCommodityRack-v1', 'L0_TwoRobotPlaceCupPlate-v1', 'L0_TwoRobotPlaceFileFolder-v1', 'L0_TwoRobotPlaceFoodScale-v1', 'L0_TwoRobotPlaceFruitBox-v1', 'L0_TwoRobotPlaceMagazineFolder-v1', 'L0_TwoRobotPlaceMugRack-v1', 'L0_TwoRobotPlacePillBox-v1', 'L0_TwoRobotPlacePlateRack-v1', 'L0_TwoRobotPlaceScrewdriver-v1', 'L0_TwoRobotPlaceShoeBox-v1', 'L0_TwoRobotPourCup-v1', 'L0_TwoRobotPourKetchupFries-v1', 'L0_TwoRobotPourKettle-v1', 'L0_TwoRobotPourLiquidCup-v1', 'L0_TwoRobotPourLiquidFilter-v1', 'L0_TwoRobotPourLiquidMug-v1', 'L0_TwoRobotPressJuicer-v1', 'L0_TwoRobotPressStapler-v1', 'L0_TwoRobotPutBox-v1', 'L0_TwoRobotPutCubeOnScale-v1', 'L0_TwoRobotScanMilkBox-v1', 'L0_TwoRobotScanPillBottle-v1', 'L0_TwoRobotStirSpoon-v1', 'L0_TwoRobotTransFood-v1', 'L0_TwoRobotWipePot-v1', 'L1_TwoRobotCleanCup-v1', 'L1_TwoRobotCleanDesk-v1', 'L1_TwoRobotCutFruit-v1', 'L1_TwoRobotFoldBox-v1', 'L1_TwoRobotFoldTowel-v1', 'L1_TwoRobotGrindFood-v1', 'L1_TwoRobotKnifeBowlFork-v1', 'L1_TwoRobotLiftLidFromSkillet-v1', 'L1_TwoRobotOpenBox-v1', 'L1_TwoRobotOpenLiquidCap-v1', 'L1_TwoRobotPickAppleBananaToBaskets-v1', 'L1_TwoRobotPickAppleBasket-v1', 'L1_TwoRobotPickAppleToScale-v1', 'L1_TwoRobotPickFood-v1', 'L1_TwoRobotPickFruitsToPlate-v1', 'L1_TwoRobotPickPillToRegions-v1', 'L1_TwoRobotPickRemoteControl-v1', 'L1_TwoRobotPickTennisBallGolfBall-v1', 'L1_TwoRobotPickWash-v1', 'L1_TwoRobotPlaceBookBookcase-v1', 'L1_TwoRobotPlaceBrushRest-v1', 'L1_TwoRobotPlaceBurgerTray-v1', 'L1_TwoRobotPlaceChipsRack-v1', 'L1_TwoRobotPlaceClothBasket-v1', 'L1_TwoRobotPlaceCommodityRack-v1', 'L1_TwoRobotPlaceCupPlate-v1', 'L1_TwoRobotPlaceFileFolder-v1', 'L1_TwoRobotPlaceFoodScale-v1', 'L1_TwoRobotPlaceFruitBox-v1', 'L1_TwoRobotPlaceMagazineFolder-v1', 'L1_TwoRobotPlaceMugRack-v1', 'L1_TwoRobotPlacePillBox-v1', 'L1_TwoRobotPlacePlateRack-v1', 'L1_TwoRobotPlaceScrewdriver-v1', 'L1_TwoRobotPlaceShoeBox-v1', 'L1_TwoRobotPourCup-v1', 'L1_TwoRobotPourKetchupFries-v1', 'L1_TwoRobotPourKettle-v1', 'L1_TwoRobotPourLiquidCup-v1', 'L1_TwoRobotPourLiquidFilter-v1', 'L1_TwoRobotPourLiquidMug-v1', 'L1_TwoRobotPressJuicer-v1', 'L1_TwoRobotPressStapler-v1', 'L1_TwoRobotPutBox-v1', 'L1_TwoRobotPutCubeOnScale-v1', 'L1_TwoRobotScanMilkBox-v1', 'L1_TwoRobotScanPillBottle-v1', 'L1_TwoRobotStirSpoon-v1', 'L1_TwoRobotTransFood-v1', 'L1_TwoRobotWipePot-v1', 'L2_TwoRobotCleanCup-v1', 'L2_TwoRobotCleanDesk-v1', 'L2_TwoRobotCutFruit-v1', 'L2_TwoRobotFoldBox-v1', 'L2_TwoRobotFoldTowel-v1', 'L2_TwoRobotGrindFood-v1', 'L2_TwoRobotKnifeBowlFork-v1', 'L2_TwoRobotLiftLidFromSkillet-v1', 'L2_TwoRobotOpenBox-v1', 'L2_TwoRobotOpenLiquidCap-v1', 'L2_TwoRobotPickAppleBananaToBaskets-v1', 'L2_TwoRobotPickAppleBasket-v1', 'L2_TwoRobotPickAppleToScale-v1', 'L2_TwoRobotPickFood-v1', 'L2_TwoRobotPickFruitsToPlate-v1', 'L2_TwoRobotPickPillToRegions-v1', 'L2_TwoRobotPickRemoteControl-v1', 'L2_TwoRobotPickTennisBallGolfBall-v1', 'L2_TwoRobotPickWash-v1', 'L2_TwoRobotPlaceBookBookcase-v1', 'L2_TwoRobotPlaceBrushRest-v1', 'L2_TwoRobotPlaceBurgerTray-v1', 'L2_TwoRobotPlaceChipsRack-v1', 'L2_TwoRobotPlaceClothBasket-v1', 'L2_TwoRobotPlaceCommodityRack-v1', 'L2_TwoRobotPlaceCupPlate-v1', 'L2_TwoRobotPlaceFileFolder-v1', 'L2_TwoRobotPlaceFoodScale-v1', 'L2_TwoRobotPlaceFruitBox-v1', 'L2_TwoRobotPlaceMagazineFolder-v1', 'L2_TwoRobotPlaceMugRack-v1', 'L2_TwoRobotPlacePillBox-v1', 'L2_TwoRobotPlacePlateRack-v1', 'L2_TwoRobotPlaceScrewdriver-v1', 'L2_TwoRobotPlaceShoeBox-v1', 'L2_TwoRobotPourCup-v1', 'L2_TwoRobotPourKetchupFries-v1', 'L2_TwoRobotPourKettle-v1', 'L2_TwoRobotPourLiquidCup-v1', 'L2_TwoRobotPourLiquidFilter-v1', 'L2_TwoRobotPourLiquidMug-v1', 'L2_TwoRobotPressJuicer-v1', 'L2_TwoRobotPressStapler-v1', 'L2_TwoRobotPutBox-v1', 'L2_TwoRobotPutCubeOnScale-v1', 'L2_TwoRobotScanMilkBox-v1', 'L2_TwoRobotScanPillBottle-v1', 'L2_TwoRobotStirSpoon-v1', 'L2_TwoRobotTransFood-v1', 'L2_TwoRobotWipePot-v1', 'L3_TwoRobotCleanCup-v1', 'L3_TwoRobotCleanDesk-v1', 'L3_TwoRobotCutFruit-v1', 'L3_TwoRobotFoldBox-v1', 'L3_TwoRobotFoldTowel-v1', 'L3_TwoRobotGrindFood-v1', 'L3_TwoRobotKnifeBowlFork-v1', 'L3_TwoRobotLiftLidFromSkillet-v1', 'L3_TwoRobotOpenBox-v1', 'L3_TwoRobotOpenLiquidCap-v1', 'L3_TwoRobotPickAppleBananaToBaskets-v1', 'L3_TwoRobotPickAppleBasket-v1', 'L3_TwoRobotPickAppleToScale-v1', 'L3_TwoRobotPickFood-v1', 'L3_TwoRobotPickFruitsToPlate-v1', 'L3_TwoRobotPickPillToRegions-v1', 'L3_TwoRobotPickRemoteControl-v1', 'L3_TwoRobotPickTennisBallGolfBall-v1', 'L3_TwoRobotPickWash-v1', 'L3_TwoRobotPlaceBookBookcase-v1', 'L3_TwoRobotPlaceBrushRest-v1', 'L3_TwoRobotPlaceBurgerTray-v1', 'L3_TwoRobotPlaceChipsRack-v1', 'L3_TwoRobotPlaceClothBasket-v1', 'L3_TwoRobotPlaceCommodityRack-v1', 'L3_TwoRobotPlaceCupPlate-v1', 'L3_TwoRobotPlaceFileFolder-v1', 'L3_TwoRobotPlaceFoodScale-v1', 'L3_TwoRobotPlaceFruitBox-v1', 'L3_TwoRobotPlaceMagazineFolder-v1', 'L3_TwoRobotPlaceMugRack-v1', 'L3_TwoRobotPlacePillBox-v1', 'L3_TwoRobotPlacePlateRack-v1', 'L3_TwoRobotPlaceScrewdriver-v1', 'L3_TwoRobotPlaceShoeBox-v1', 'L3_TwoRobotPourCup-v1', 'L3_TwoRobotPourKetchupFries-v1', 'L3_TwoRobotPourKettle-v1', 'L3_TwoRobotPourLiquidCup-v1', 'L3_TwoRobotPourLiquidFilter-v1', 'L3_TwoRobotPourLiquidMug-v1', 'L3_TwoRobotPressJuicer-v1', 'L3_TwoRobotPressStapler-v1', 'L3_TwoRobotPutBox-v1', 'L3_TwoRobotPutCubeOnScale-v1', 'L3_TwoRobotScanMilkBox-v1', 'L3_TwoRobotScanPillBottle-v1', 'L3_TwoRobotStirSpoon-v1', 'L3_TwoRobotTransFood-v1', 'L3_TwoRobotWipePot-v1']

✓ Filtered human configs: 1 loaded, 0 skipped

✓ Filtered sim configs: 1 loaded, 0 skipped

================================================================================
🎥 LOADING HUMAN VIDEO DATASET
================================================================================
Loading datasets from config: /var/tmp/imitator-game-zxc/tmp/tmpahex3x6h.json
Loading datasets:   0%|          | 0/1 [00:00<?, ?it/s][94mLoading episodes [0] from /var/tmp/imitator-game-zxc/data/imitator_human_v1/human_H57 with split train[0m
Loading datasets: 100%|██████████| 1/1 [00:00<00:00,  5.89it/s]Loading datasets: 100%|██████████| 1/1 [00:00<00:00,  5.88it/s]
✓ Loaded 1 unique tasks
✓ HumanVideoDataset initialized
  - Tasks: 1
  - Cameras: ['zed2i']
  - Frames per sample: 10
  - Sampling strategy: uniform_jitter

================================================================================
🤖 LOADING SIM TRAJECTORY DATASET
================================================================================
  0%|          | 0/1 [00:00<?, ?it/s][94mloading episodes [0, 1, 2, 3, 4, 5, 6, 7, 8, 9, 10, 11, 12, 13, 14, 15, 16, 17, 18, 19, 20, 21, 22, 23, 24, 25, 26, 27, 28, 29, 30, 31, 32, 33, 34, 35, 36, 37, 38, 39, 40, 41, 42, 43, 44, 45, 46, 47, 48, 49] from /home/zxc/Imitator/experiments/act_placemugrack_levels/prepared/B0/sim/L0_TwoRobotPlaceMugRack-v1 with split train[0m
100%|██████████| 1/1 [00:00<00:00,  2.97it/s]100%|██████████| 1/1 [00:00<00:00,  2.97it/s]
/home/zxc/miniconda3/envs/imitator/lib/python3.12/site-packages/albumentations/core/validation.py:114: UserWarning: ShiftScaleRotate is a special case of Affine transform. Please use Affine transform instead.
  original_init(self, **validated_kwargs)

================================================================================
🔗 VALIDATING HUMAN-SIM TASK PAIRINGS
================================================================================

🔑 Indexing human videos...
   ✓ human_H57 - 1 episodes

🔑 Indexing sim trajectories (O(sub-datasets))...
   L0_TwoRobotPlaceMugRack-v1: 11228 samples

🔍 Validating pairings...

✅ Successfully paired: 1 task pair(s)


================================================================================
✅ HUMAN-SIM PAIRED DATASET READY
================================================================================
📊 Summary:
   - Total sim samples: 11228
   - Valid paired samples: 11228
   - Skipped samples: 0
   - Valid paired tasks: 1
   - Input mode: video_only
   - Include first frame: True
================================================================================

\n   Building FrozenVideoBackbone (dinov2_vitl14) [Frozen] ...

============================================================
[FrozenBB] Setting up frozen backbone cache (dinov2_vitl14)
  Backbone: 0 frozen tensors | Adapter: 525.8K trainable params
  [RawFeatCache] Loaded 1 entries ← /home/zxc/Imitator/experiments/act_placemugrack_levels/runs/B0_s1/te_cache/backbone_dinov2_vitl14/raw_features.pt
  [RawFeatCache] Cache ready: 1 entries loaded from disk.
  [Done] CachedFrozenBackbone ready.
  Expected per-step cost: ~0.15 ms  (dict lookup + adapter)
============================================================

   FrozenVideoBackbone: backbone frozen, cache active, adapter trainable.
  [SkipVideo] skip_human_video=True activated on dataset (1 cache entries cover all tasks).
  Video decode cost (~50-100 ms/sample) eliminated for training.
/home/zxc/miniconda3/envs/imitator/lib/python3.12/site-packages/torchvision/models/_utils.py:208: UserWarning: The parameter 'pretrained' is deprecated since 0.13 and may be removed in the future, please use 'weights' instead.
  warnings.warn(
/home/zxc/miniconda3/envs/imitator/lib/python3.12/site-packages/torchvision/models/_utils.py:223: UserWarning: Arguments other than a weight enum or `None` for 'weights' are deprecated since 0.13 and may be removed in the future. The current behavior is equivalent to passing `weights=ResNet18_Weights.IMAGENET1K_V1`. You can also use `weights=ResNet18_Weights.DEFAULT` to get the most up-to-date weights.
  warnings.warn(msg)

   ACTAgent ready
   Task encoder:  frozen_backbone (dinov2_vitl14)
   Input mode:    video_only
   Total params:  17.21M  |  Trainable: 17.21M
/home/zxc/miniconda3/envs/imitator/lib/python3.12/site-packages/torch/cuda/__init__.py:61: FutureWarning: The pynvml package is deprecated. Please install nvidia-ml-py instead. If you did not install pynvml directly, please report this to the maintainers of the package that installed pynvml for you.
  import pynvml  # type: ignore[import]
2026-10-08 09:28:14.345687: E external/local_xla/xla/stream_executor/cuda/cuda_fft.cc:467] Unable to register cuFFT factory: Attempting to register factory for plugin cuFFT when one has already been registered
WARNING: All log messages before absl::InitializeLog() is called are written to STDERR
E0000 00:00:1791422894.355216 3120650 cuda_dnn.cc:8579] Unable to register cuDNN factory: Attempting to register factory for plugin cuDNN when one has already been registered
E0000 00:00:1791422894.358401 3120650 cuda_blas.cc:1407] Unable to register cuBLAS factory: Attempting to register factory for plugin cuBLAS when one has already been registered
W0000 00:00:1791422894.366946 3120650 computation_placer.cc:177] computation placer already registered. Please check linkage and avoid linking the same target more than once.
W0000 00:00:1791422894.366959 3120650 computation_placer.cc:177] computation placer already registered. Please check linkage and avoid linking the same target more than once.
W0000 00:00:1791422894.366962 3120650 computation_placer.cc:177] computation placer already registered. Please check linkage and avoid linking the same target more than once.
W0000 00:00:1791422894.366964 3120650 computation_placer.cc:177] computation placer already registered. Please check linkage and avoid linking the same target more than once.
/home/zxc/miniconda3/envs/imitator/lib/python3.12/site-packages/torch/cuda/__init__.py:61: FutureWarning: The pynvml package is deprecated. Please install nvidia-ml-py instead. If you did not install pynvml directly, please report this to the maintainers of the package that installed pynvml for you.
  import pynvml  # type: ignore[import]
2026-10-08 09:28:19.165469: E external/local_xla/xla/stream_executor/cuda/cuda_fft.cc:467] Unable to register cuFFT factory: Attempting to register factory for plugin cuFFT when one has already been registered
WARNING: All log messages before absl::InitializeLog() is called are written to STDERR
E0000 00:00:1791422899.174743 3120766 cuda_dnn.cc:8579] Unable to register cuDNN factory: Attempting to register factory for plugin cuDNN when one has already been registered
E0000 00:00:1791422899.177885 3120766 cuda_blas.cc:1407] Unable to register cuBLAS factory: Attempting to register factory for plugin cuBLAS when one has already been registered
W0000 00:00:1791422899.186434 3120766 computation_placer.cc:177] computation placer already registered. Please check linkage and avoid linking the same target more than once.
W0000 00:00:1791422899.186449 3120766 computation_placer.cc:177] computation placer already registered. Please check linkage and avoid linking the same target more than once.
W0000 00:00:1791422899.186452 3120766 computation_placer.cc:177] computation placer already registered. Please check linkage and avoid linking the same target more than once.
W0000 00:00:1791422899.186454 3120766 computation_placer.cc:177] computation placer already registered. Please check linkage and avoid linking the same target more than once.
/home/zxc/miniconda3/envs/imitator/lib/python3.12/site-packages/torch/cuda/__init__.py:61: FutureWarning: The pynvml package is deprecated. Please install nvidia-ml-py instead. If you did not install pynvml directly, please report this to the maintainers of the package that installed pynvml for you.
  import pynvml  # type: ignore[import]
2026-10-08 09:28:23.946312: E external/local_xla/xla/stream_executor/cuda/cuda_fft.cc:467] Unable to register cuFFT factory: Attempting to register factory for plugin cuFFT when one has already been registered
WARNING: All log messages before absl::InitializeLog() is called are written to STDERR
E0000 00:00:1791422903.955761 3120847 cuda_dnn.cc:8579] Unable to register cuDNN factory: Attempting to register factory for plugin cuDNN when one has already been registered
E0000 00:00:1791422903.958864 3120847 cuda_blas.cc:1407] Unable to register cuBLAS factory: Attempting to register factory for plugin cuBLAS when one has already been registered
W0000 00:00:1791422903.967402 3120847 computation_placer.cc:177] computation placer already registered. Please check linkage and avoid linking the same target more than once.
W0000 00:00:1791422903.967416 3120847 computation_placer.cc:177] computation placer already registered. Please check linkage and avoid linking the same target more than once.
W0000 00:00:1791422903.967419 3120847 computation_placer.cc:177] computation placer already registered. Please check linkage and avoid linking the same target more than once.
W0000 00:00:1791422903.967422 3120847 computation_placer.cc:177] computation placer already registered. Please check linkage and avoid linking the same target more than once.
/home/zxc/miniconda3/envs/imitator/lib/python3.12/site-packages/torch/cuda/__init__.py:61: FutureWarning: The pynvml package is deprecated. Please install nvidia-ml-py instead. If you did not install pynvml directly, please report this to the maintainers of the package that installed pynvml for you.
  import pynvml  # type: ignore[import]
2026-10-08 09:28:28.797318: E external/local_xla/xla/stream_executor/cuda/cuda_fft.cc:467] Unable to register cuFFT factory: Attempting to register factory for plugin cuFFT when one has already been registered
WARNING: All log messages before absl::InitializeLog() is called are written to STDERR
E0000 00:00:1791422908.806573 3120960 cuda_dnn.cc:8579] Unable to register cuDNN factory: Attempting to register factory for plugin cuDNN when one has already been registered
E0000 00:00:1791422908.809671 3120960 cuda_blas.cc:1407] Unable to register cuBLAS factory: Attempting to register factory for plugin cuBLAS when one has already been registered
W0000 00:00:1791422908.818149 3120960 computation_placer.cc:177] computation placer already registered. Please check linkage and avoid linking the same target more than once.
W0000 00:00:1791422908.818164 3120960 computation_placer.cc:177] computation placer already registered. Please check linkage and avoid linking the same target more than once.
W0000 00:00:1791422908.818167 3120960 computation_placer.cc:177] computation placer already registered. Please check linkage and avoid linking the same target more than once.
W0000 00:00:1791422908.818176 3120960 computation_placer.cc:177] computation placer already registered. Please check linkage and avoid linking the same target more than once.
/home/zxc/miniconda3/envs/imitator/lib/python3.12/site-packages/torch/cuda/__init__.py:61: FutureWarning: The pynvml package is deprecated. Please install nvidia-ml-py instead. If you did not install pynvml directly, please report this to the maintainers of the package that installed pynvml for you.
  import pynvml  # type: ignore[import]
2026-10-08 09:28:33.651865: E external/local_xla/xla/stream_executor/cuda/cuda_fft.cc:467] Unable to register cuFFT factory: Attempting to register factory for plugin cuFFT when one has already been registered
WARNING: All log messages before absl::InitializeLog() is called are written to STDERR
E0000 00:00:1791422913.661056 3121100 cuda_dnn.cc:8579] Unable to register cuDNN factory: Attempting to register factory for plugin cuDNN when one has already been registered
E0000 00:00:1791422913.664195 3121100 cuda_blas.cc:1407] Unable to register cuBLAS factory: Attempting to register factory for plugin cuBLAS when one has already been registered
W0000 00:00:1791422913.672526 3121100 computation_placer.cc:177] computation placer already registered. Please check linkage and avoid linking the same target more than once.
W0000 00:00:1791422913.672539 3121100 computation_placer.cc:177] computation placer already registered. Please check linkage and avoid linking the same target more than once.
W0000 00:00:1791422913.672542 3121100 computation_placer.cc:177] computation placer already registered. Please check linkage and avoid linking the same target more than once.
W0000 00:00:1791422913.672544 3121100 computation_placer.cc:177] computation placer already registered. Please check linkage and avoid linking the same target more than once.
/home/zxc/miniconda3/envs/imitator/lib/python3.12/site-packages/torch/cuda/__init__.py:61: FutureWarning: The pynvml package is deprecated. Please install nvidia-ml-py instead. If you did not install pynvml directly, please report this to the maintainers of the package that installed pynvml for you.
  import pynvml  # type: ignore[import]
2026-10-08 09:28:38.506347: E external/local_xla/xla/stream_executor/cuda/cuda_fft.cc:467] Unable to register cuFFT factory: Attempting to register factory for plugin cuFFT when one has already been registered
WARNING: All log messages before absl::InitializeLog() is called are written to STDERR
E0000 00:00:1791422918.515825 3121214 cuda_dnn.cc:8579] Unable to register cuDNN factory: Attempting to register factory for plugin cuDNN when one has already been registered
E0000 00:00:1791422918.518993 3121214 cuda_blas.cc:1407] Unable to register cuBLAS factory: Attempting to register factory for plugin cuBLAS when one has already been registered
W0000 00:00:1791422918.527763 3121214 computation_placer.cc:177] computation placer already registered. Please check linkage and avoid linking the same target more than once.
W0000 00:00:1791422918.527792 3121214 computation_placer.cc:177] computation placer already registered. Please check linkage and avoid linking the same target more than once.
W0000 00:00:1791422918.527795 3121214 computation_placer.cc:177] computation placer already registered. Please check linkage and avoid linking the same target more than once.
W0000 00:00:1791422918.527798 3121214 computation_placer.cc:177] computation placer already registered. Please check linkage and avoid linking the same target more than once.
/home/zxc/miniconda3/envs/imitator/lib/python3.12/site-packages/torch/cuda/__init__.py:61: FutureWarning: The pynvml package is deprecated. Please install nvidia-ml-py instead. If you did not install pynvml directly, please report this to the maintainers of the package that installed pynvml for you.
  import pynvml  # type: ignore[import]
2026-10-08 09:28:43.282079: E external/local_xla/xla/stream_executor/cuda/cuda_fft.cc:467] Unable to register cuFFT factory: Attempting to register factory for plugin cuFFT when one has already been registered
WARNING: All log messages before absl::InitializeLog() is called are written to STDERR
E0000 00:00:1791422923.291292 3121354 cuda_dnn.cc:8579] Unable to register cuDNN factory: Attempting to register factory for plugin cuDNN when one has already been registered
E0000 00:00:1791422923.294410 3121354 cuda_blas.cc:1407] Unable to register cuBLAS factory: Attempting to register factory for plugin cuBLAS when one has already been registered
W0000 00:00:1791422923.302913 3121354 computation_placer.cc:177] computation placer already registered. Please check linkage and avoid linking the same target more than once.
W0000 00:00:1791422923.302926 3121354 computation_placer.cc:177] computation placer already registered. Please check linkage and avoid linking the same target more than once.
W0000 00:00:1791422923.302929 3121354 computation_placer.cc:177] computation placer already registered. Please check linkage and avoid linking the same target more than once.
W0000 00:00:1791422923.302931 3121354 computation_placer.cc:177] computation placer already registered. Please check linkage and avoid linking the same target more than once.
/home/zxc/miniconda3/envs/imitator/lib/python3.12/site-packages/torch/cuda/__init__.py:61: FutureWarning: The pynvml package is deprecated. Please install nvidia-ml-py instead. If you did not install pynvml directly, please report this to the maintainers of the package that installed pynvml for you.
  import pynvml  # type: ignore[import]
2026-10-08 09:28:48.078872: E external/local_xla/xla/stream_executor/cuda/cuda_fft.cc:467] Unable to register cuFFT factory: Attempting to register factory for plugin cuFFT when one has already been registered
WARNING: All log messages before absl::InitializeLog() is called are written to STDERR
E0000 00:00:1791422928.088222 3121490 cuda_dnn.cc:8579] Unable to register cuDNN factory: Attempting to register factory for plugin cuDNN when one has already been registered
E0000 00:00:1791422928.091391 3121490 cuda_blas.cc:1407] Unable to register cuBLAS factory: Attempting to register factory for plugin cuBLAS when one has already been registered
W0000 00:00:1791422928.099892 3121490 computation_placer.cc:177] computation placer already registered. Please check linkage and avoid linking the same target more than once.
W0000 00:00:1791422928.099907 3121490 computation_placer.cc:177] computation placer already registered. Please check linkage and avoid linking the same target more than once.
W0000 00:00:1791422928.099910 3121490 computation_placer.cc:177] computation placer already registered. Please check linkage and avoid linking the same target more than once.
W0000 00:00:1791422928.099913 3121490 computation_placer.cc:177] computation placer already registered. Please check linkage and avoid linking the same target more than once.
{"step": 1, "samples": 64, "level_sample_counts": {"L0": 64}, "elapsed_train_s": 2.3769993539899588, "lr": [1.1111111111111112e-07, 1.1111111111111112e-08], "loss": 76.1824951171875, "l1": 0.7849396467208862, "kl": 7.539755344390869, "memory_allocated_GiB": 0.2731194496154785}
{"step": 50, "samples": 3200, "level_sample_counts": {"L0": 3200}, "elapsed_train_s": 5.572411781002302, "lr": [5.555555555555556e-06, 5.555555555555555e-07], "loss": 68.59713939744599, "l1": 0.6436227511386482, "kl": 6.795351709638323, "memory_allocated_GiB": 0.27367639541625977}
{"step": 100, "samples": 6400, "level_sample_counts": {"L0": 6400}, "elapsed_train_s": 9.149478315986926, "lr": [1.1111111111111112e-05, 1.111111111111111e-06], "loss": 32.58091791152954, "l1": 0.46839487433433535, "kl": 3.211252315044403, "memory_allocated_GiB": 0.27208948135375977}
{"step": 150, "samples": 9600, "level_sample_counts": {"L0": 9600}, "elapsed_train_s": 12.596731839003041, "lr": [1.6666666666666667e-05, 1.6666666666666667e-06], "loss": 6.247558546066284, "l1": 0.37529807329177856, "kl": 0.5872260499000549, "memory_allocated_GiB": 0.27306604385375977}
{"step": 200, "samples": 12800, "level_sample_counts": {"L0": 12800}, "elapsed_train_s": 16.17818046899629, "lr": [2.2222222222222223e-05, 2.222222222222222e-06], "loss": 2.7957733774185183, "l1": 0.3156123334169388, "kl": 0.2480161041021347, "memory_allocated_GiB": 0.27367639541625977}
{"step": 250, "samples": 16000, "level_sample_counts": {"L0": 16000}, "elapsed_train_s": 19.808097735978663, "lr": [2.777777777777778e-05, 2.7777777777777783e-06], "loss": 1.988383433818817, "l1": 0.28380576848983763, "kl": 0.17045776635408402, "memory_allocated_GiB": 0.27208948135375977}
{"step": 300, "samples": 19200, "level_sample_counts": {"L0": 19200}, "elapsed_train_s": 23.51521436299663, "lr": [3.3333333333333335e-05, 3.3333333333333333e-06], "loss": 1.4575716996192931, "l1": 0.24512011528015137, "kl": 0.12124515816569328, "memory_allocated_GiB": 0.27306604385375977}
{"step": 350, "samples": 22400, "level_sample_counts": {"L0": 22400}, "elapsed_train_s": 27.23802231097943, "lr": [3.888888888888889e-05, 3.88888888888889e-06], "loss": 1.0577136194705963, "l1": 0.20607904344797134, "kl": 0.08516345769166947, "memory_allocated_GiB": 0.27367639541625977}
{"step": 400, "samples": 25600, "level_sample_counts": {"L0": 25600}, "elapsed_train_s": 30.817469812987838, "lr": [4.4444444444444447e-05, 4.444444444444444e-06], "loss": 0.7656947314739228, "l1": 0.18068170100450515, "kl": 0.05850130200386047, "memory_allocated_GiB": 0.27208948135375977}
{"step": 450, "samples": 28800, "level_sample_counts": {"L0": 28800}, "elapsed_train_s": 34.430618540995056, "lr": [5e-05, 5e-06], "loss": 0.5479448509216308, "l1": 0.16402870386838914, "kl": 0.03839161451905966, "memory_allocated_GiB": 0.27306604385375977}
{"step": 500, "samples": 32000, "level_sample_counts": {"L0": 32000}, "elapsed_train_s": 38.06355010397965, "lr": [5.555555555555556e-05, 5.555555555555557e-06], "loss": 0.3964026939868927, "l1": 0.15062329262495042, "kl": 0.0245779399946332, "memory_allocated_GiB": 0.27367639541625977}
{"step": 550, "samples": 35200, "level_sample_counts": {"L0": 35200}, "elapsed_train_s": 41.77636591499322, "lr": [6.111111111111112e-05, 6.111111111111112e-06], "loss": 0.30047414779663084, "l1": 0.14036259859800337, "kl": 0.016011154800653456, "memory_allocated_GiB": 0.27208948135375977}
{"step": 600, "samples": 38400, "level_sample_counts": {"L0": 38400}, "elapsed_train_s": 45.47355156499543, "lr": [6.666666666666667e-05, 6.666666666666667e-06], "loss": 0.23925135672092437, "l1": 0.12992137804627418, "kl": 0.010932997856289149, "memory_allocated_GiB": 0.27306604385375977}
{"step": 650, "samples": 41600, "level_sample_counts": {"L0": 41600}, "elapsed_train_s": 49.07198994298233, "lr": [7.222222222222222e-05, 7.222222222222223e-06], "loss": 0.19806171506643294, "l1": 0.12157480984926224, "kl": 0.007648690529167652, "memory_allocated_GiB": 0.27367639541625977}
{"step": 700, "samples": 44800, "level_sample_counts": {"L0": 44800}, "elapsed_train_s": 52.74933030898683, "lr": [7.777777777777778e-05, 7.77777777777778e-06], "loss": 0.17024826765060425, "l1": 0.11374254912137985, "kl": 0.00565057179890573, "memory_allocated_GiB": 0.27208948135375977}
{"step": 750, "samples": 48000, "level_sample_counts": {"L0": 48000}, "elapsed_train_s": 56.33676936099073, "lr": [8.333333333333334e-05, 8.333333333333334e-06], "loss": 0.15101933896541594, "l1": 0.10732049241662026, "kl": 0.004369884748011827, "memory_allocated_GiB": 0.27306604385375977}
{"step": 800, "samples": 51200, "level_sample_counts": {"L0": 51200}, "elapsed_train_s": 59.98098999998183, "lr": [8.888888888888889e-05, 8.888888888888888e-06], "loss": 0.13566274151206018, "l1": 0.10168864220380783, "kl": 0.0033974099438637494, "memory_allocated_GiB": 0.27367639541625977}
{"step": 850, "samples": 54400, "level_sample_counts": {"L0": 54400}, "elapsed_train_s": 63.733070768998004, "lr": [9.444444444444444e-05, 9.444444444444445e-06], "loss": 0.12363238632678986, "l1": 0.09605637907981873, "kl": 0.002757600694894791, "memory_allocated_GiB": 0.27208948135375977}
{"step": 900, "samples": 57600, "level_sample_counts": {"L0": 57600}, "elapsed_train_s": 67.37579555000411, "lr": [0.0001, 1e-05], "loss": 0.1140995442867279, "l1": 0.09199007615447044, "kl": 0.0022109468188136814, "memory_allocated_GiB": 0.27306604385375977}
{"step": 950, "samples": 60800, "level_sample_counts": {"L0": 60800}, "elapsed_train_s": 70.90745436400175, "lr": [9.999789047591562e-05, 9.999789047591563e-06], "loss": 0.10751667633652687, "l1": 0.08817331716418267, "kl": 0.0019343359116464854, "memory_allocated_GiB": 0.27367639541625977}
{"step": 1000, "samples": 64000, "level_sample_counts": {"L0": 64000}, "elapsed_train_s": 74.66496678598924, "lr": [9.999156208166614e-05, 9.999156208166614e-06], "loss": 0.10132404744625091, "l1": 0.08437380582094192, "kl": 0.0016950241941958667, "memory_allocated_GiB": 0.27208948135375977}
{"step": 1050, "samples": 67200, "level_sample_counts": {"L0": 67200}, "elapsed_train_s": 78.27645509698777, "lr": [9.998101535124758e-05, 9.998101535124758e-06], "loss": 0.09569067120552063, "l1": 0.0816283592581749, "kl": 0.0014062312431633473, "memory_allocated_GiB": 0.27306604385375977}
{"step": 1100, "samples": 70400, "level_sample_counts": {"L0": 70400}, "elapsed_train_s": 82.02742944800411, "lr": [9.996625117460318e-05, 9.996625117460319e-06], "loss": 0.0917756862938404, "l1": 0.07916876837611199, "kl": 0.0012606917321681976, "memory_allocated_GiB": 0.27367639541625977}
{"step": 1150, "samples": 73600, "level_sample_counts": {"L0": 73600}, "elapsed_train_s": 85.76655634498456, "lr": [9.994727079754844e-05, 9.994727079754845e-06], "loss": 0.08778169572353363, "l1": 0.07572171062231065, "kl": 0.0012059984914958477, "memory_allocated_GiB": 0.27208948135375977}
{"step": 1200, "samples": 76800, "level_sample_counts": {"L0": 76800}, "elapsed_train_s": 89.47122021499672, "lr": [9.992407582166581e-05, 9.992407582166582e-06], "loss": 0.0847238714993, "l1": 0.07431335940957069, "kl": 0.0010410512145608663, "memory_allocated_GiB": 0.27306604385375977}
{"step": 1250, "samples": 80000, "level_sample_counts": {"L0": 80000}, "elapsed_train_s": 93.22092979800072, "lr": [9.989666820416974e-05, 9.989666820416974e-06], "loss": 0.08163470819592476, "l1": 0.07262479037046432, "kl": 0.0009009917918592691, "memory_allocated_GiB": 0.27367639541625977}
{"step": 1300, "samples": 83200, "level_sample_counts": {"L0": 83200}, "elapsed_train_s": 96.96946987198316, "lr": [9.986505025774138e-05, 9.986505025774137e-06], "loss": 0.07815429538488389, "l1": 0.06957434386014938, "kl": 0.0008579951152205467, "memory_allocated_GiB": 0.27208948135375977}
{"step": 1350, "samples": 86400, "level_sample_counts": {"L0": 86400}, "elapsed_train_s": 100.55580885498784, "lr": [9.98292246503335e-05, 9.98292246503335e-06], "loss": 0.0771341496706009, "l1": 0.06923115402460098, "kl": 0.0007902995590120553, "memory_allocated_GiB": 0.27306604385375977}
{"step": 1400, "samples": 89600, "level_sample_counts": {"L0": 89600}, "elapsed_train_s": 104.24290825799108, "lr": [9.978919440494539e-05, 9.978919440494538e-06], "loss": 0.0747609032690525, "l1": 0.0669515459239483, "kl": 0.0007809356693178416, "memory_allocated_GiB": 0.27367639541625977}
{"step": 1450, "samples": 92800, "level_sample_counts": {"L0": 92800}, "elapsed_train_s": 107.95806009598891, "lr": [9.974496289936769e-05, 9.974496289936769e-06], "loss": 0.07328162387013436, "l1": 0.0656532009691, "kl": 0.0007628423254936933, "memory_allocated_GiB": 0.27208948135375977}
{"step": 1500, "samples": 96000, "level_sample_counts": {"L0": 96000}, "elapsed_train_s": 111.62651655299123, "lr": [9.969653386589748e-05, 9.969653386589749e-06], "loss": 0.07073203429579734, "l1": 0.064133917465806, "kl": 0.0006598116829991341, "memory_allocated_GiB": 0.27306604385375977}
{"step": 1550, "samples": 99200, "level_sample_counts": {"L0": 99200}, "elapsed_train_s": 115.29645547899418, "lr": [9.964391139102325e-05, 9.964391139102325e-06], "loss": 0.06887809410691262, "l1": 0.06298390842974186, "kl": 0.0005894185695797205, "memory_allocated_GiB": 0.27367639541625977}
{"step": 1600, "samples": 102400, "level_sample_counts": {"L0": 102400}, "elapsed_train_s": 119.02886183399823, "lr": [9.958709991508012e-05, 9.958709991508013e-06], "loss": 0.06665487810969353, "l1": 0.06125231064856052, "kl": 0.0005402566958218813, "memory_allocated_GiB": 0.27208948135375977}
{"step": 1650, "samples": 105600, "level_sample_counts": {"L0": 105600}, "elapsed_train_s": 122.64447181898868, "lr": [9.952610423187516e-05, 9.952610423187516e-06], "loss": 0.06594383634626866, "l1": 0.06050387263298035, "kl": 0.0005439963843673468, "memory_allocated_GiB": 0.27306604385375977}
{"step": 1700, "samples": 108800, "level_sample_counts": {"L0": 108800}, "elapsed_train_s": 126.32821298699128, "lr": [9.946092948828289e-05, 9.94609294882829e-06], "loss": 0.06428283631801605, "l1": 0.059377940744161604, "kl": 0.0004904895462095738, "memory_allocated_GiB": 0.27367639541625977}
{"step": 1750, "samples": 112000, "level_sample_counts": {"L0": 112000}, "elapsed_train_s": 129.96757007198175, "lr": [9.939158118381098e-05, 9.939158118381097e-06], "loss": 0.06289429605007171, "l1": 0.05812000378966332, "kl": 0.0004774292279034853, "memory_allocated_GiB": 0.27208948135375977}
{"step": 1800, "samples": 115200, "level_sample_counts": {"L0": 115200}, "elapsed_train_s": 133.65528293399257, "lr": [9.931806517013612e-05, 9.931806517013612e-06], "loss": 0.0616169710457325, "l1": 0.056119240373373035, "kl": 0.0005497730709612369, "memory_allocated_GiB": 0.27306604385375977}
DEVELOPMENT {"L0": {"step": 1800, "summary": {"success_once": {"mean": 1.0, "std": 0.0}, "return": {"mean": 399.4509582519531, "std": 8.585356712341309}, "episode_len": {"mean": 500.0, "std": 0.0}, "reward": {"mean": 0.7989018768310546, "std": 0.017170713252434584}, "last_reward": {"mean": 1.0, "std": 0.0}, "success_at_end": {"mean": 0.95, "std": 0.21794494717703367}}, "stages": {"is_grasped": 20, "is_mug_above_table": 20, "is_mug_contact_rack": 20, "is_obj_placed": 19, "success": 20}}, "L1": {"step": 1800, "summary": {"success_once": {"mean": 0.0, "std": 0.0}, "return": {"mean": 29.183141708374023, "std": 1.8538209199905396}, "episode_len": {"mean": 500.0, "std": 0.0}, "reward": {"mean": 0.05836629238128662, "std": 0.003707641521854072}, "last_reward": {"mean": 0.059859659522771835, "std": 0.003263219878809295}, "success_at_end": {"mean": 0.0, "std": 0.0}}, "stages": {"is_grasped": 0, "is_mug_above_table": 0, "is_mug_contact_rack": 0, "is_obj_placed": 0, "success": 0}}, "L2": {"step": 1800, "summary": {"success_once": {"mean": 0.0, "std": 0.0}, "return": {"mean": 0.25189799070358276, "std": 0.032857928425073624}, "episode_len": {"mean": 500.0, "std": 0.0}, "reward": {"mean": 0.0005037959426641464, "std": 6.571585152329258e-05}, "last_reward": {"mean": 0.0005118504166603088, "std": 6.486906418020133e-05}, "success_at_end": {"mean": 0.0, "std": 0.0}}, "stages": {"is_grasped": 0, "is_mug_above_table": 0, "is_mug_contact_rack": 0, "is_obj_placed": 0, "success": 0}}}
{"step": 1850, "samples": 118400, "level_sample_counts": {"L0": 118400}, "elapsed_train_s": 388.4050187599787, "lr": [9.924038765061042e-05, 9.924038765061042e-06], "loss": 0.06157418817281723, "l1": 0.05655974090099335, "kl": 0.0005014447122812271, "memory_allocated_GiB": 0.27367639541625977}
{"step": 1900, "samples": 121600, "level_sample_counts": {"L0": 121600}, "elapsed_train_s": 390.60009416899993, "lr": [9.915855517973776e-05, 9.915855517973776e-06], "loss": 0.06006443366408348, "l1": 0.055667518377304076, "kl": 0.0004396915156394243, "memory_allocated_GiB": 0.27208948135375977}
{"step": 1950, "samples": 124800, "level_sample_counts": {"L0": 124800}, "elapsed_train_s": 392.7599140719976, "lr": [9.90725746626209e-05, 9.90725746626209e-06], "loss": 0.05989510990679264, "l1": 0.054813768863677975, "kl": 0.000508134076371789, "memory_allocated_GiB": 0.27306604385375977}
{"step": 2000, "samples": 128000, "level_sample_counts": {"L0": 128000}, "elapsed_train_s": 394.959061534988, "lr": [9.89824533543787e-05, 9.89824533543787e-06], "loss": 0.05795284137129784, "l1": 0.05442020505666733, "kl": 0.00035326363518834114, "memory_allocated_GiB": 0.27367639541625977}
{"step": 2050, "samples": 131200, "level_sample_counts": {"L0": 131200}, "elapsed_train_s": 397.11135171799106, "lr": [9.888819885953398e-05, 9.888819885953398e-06], "loss": 0.05818717695772648, "l1": 0.05467543289065361, "kl": 0.00035117438063025474, "memory_allocated_GiB": 0.27208948135375977}
{"step": 2100, "samples": 134400, "level_sample_counts": {"L0": 134400}, "elapsed_train_s": 399.32406346398056, "lr": [9.878981913137179e-05, 9.878981913137178e-06], "loss": 0.05690450325608253, "l1": 0.05315404549241066, "kl": 0.0003750457987189293, "memory_allocated_GiB": 0.27306604385375977}
{"step": 2150, "samples": 137600, "level_sample_counts": {"L0": 137600}, "elapsed_train_s": 401.4777521149954, "lr": [9.86873224712684e-05, 9.86873224712684e-06], "loss": 0.0565043930709362, "l1": 0.05291624240577221, "kl": 0.00035881504416465757, "memory_allocated_GiB": 0.27367639541625977}
{"step": 2200, "samples": 140800, "level_sample_counts": {"L0": 140800}, "elapsed_train_s": 403.60770919697825, "lr": [9.85807175279907e-05, 9.85807175279907e-06], "loss": 0.055089533030986786, "l1": 0.051876635029911994, "kl": 0.00032128977589309217, "memory_allocated_GiB": 0.27208948135375977}
{"step": 2250, "samples": 144000, "level_sample_counts": {"L0": 144000}, "elapsed_train_s": 405.995645966992, "lr": [9.847001329696653e-05, 9.847001329696653e-06], "loss": 0.054168675169348715, "l1": 0.050313724726438525, "kl": 0.0003854950424283743, "memory_allocated_GiB": 0.27306604385375977}
{"step": 2300, "samples": 147200, "level_sample_counts": {"L0": 147200}, "elapsed_train_s": 408.4470081939944, "lr": [9.835521911952555e-05, 9.835521911952554e-06], "loss": 0.0540935792773962, "l1": 0.05060725145041942, "kl": 0.0003486327454447746, "memory_allocated_GiB": 0.27367639541625977}
{"step": 2350, "samples": 150400, "level_sample_counts": {"L0": 150400}, "elapsed_train_s": 410.9083953590016, "lr": [9.823634468211103e-05, 9.823634468211102e-06], "loss": 0.052496779188513754, "l1": 0.04946442760527134, "kl": 0.0003032351564615965, "memory_allocated_GiB": 0.27208948135375977}
{"step": 2400, "samples": 153600, "level_sample_counts": {"L0": 153600}, "elapsed_train_s": 413.4077596940042, "lr": [9.811340001546251e-05, 9.811340001546252e-06], "loss": 0.05262223526835442, "l1": 0.049536726996302606, "kl": 0.00030855081044137475, "memory_allocated_GiB": 0.27306604385375977}
{"step": 2450, "samples": 156800, "level_sample_counts": {"L0": 156800}, "elapsed_train_s": 415.9226318599831, "lr": [9.798639549376945e-05, 9.798639549376946e-06], "loss": 0.05120368130505085, "l1": 0.04809868089854717, "kl": 0.00031050002202391623, "memory_allocated_GiB": 0.27367639541625977}
{"step": 2500, "samples": 160000, "level_sample_counts": {"L0": 160000}, "elapsed_train_s": 418.35879343698616, "lr": [9.785534183379572e-05, 9.785534183379571e-06], "loss": 0.050570136979222295, "l1": 0.04779819495975971, "kl": 0.0002771942038089037, "memory_allocated_GiB": 0.27208948135375977}
{"step": 2550, "samples": 163200, "level_sample_counts": {"L0": 163200}, "elapsed_train_s": 420.8073759279796, "lr": [9.772025009397537e-05, 9.772025009397538e-06], "loss": 0.050399472266435624, "l1": 0.04699242651462555, "kl": 0.00034070457331836224, "memory_allocated_GiB": 0.27306604385375977}
{"step": 2600, "samples": 166400, "level_sample_counts": {"L0": 166400}, "elapsed_train_s": 423.2816672359768, "lr": [9.75811316734796e-05, 9.75811316734796e-06], "loss": 0.050057483986020085, "l1": 0.046565099209547045, "kl": 0.00034923844039440154, "memory_allocated_GiB": 0.27367639541625977}
{"step": 2650, "samples": 169600, "level_sample_counts": {"L0": 169600}, "elapsed_train_s": 425.7224559969909, "lr": [9.743799831125472e-05, 9.743799831125472e-06], "loss": 0.05057223685085774, "l1": 0.0471940529346466, "kl": 0.0003378184139728546, "memory_allocated_GiB": 0.27208948135375977}
{"step": 2700, "samples": 172800, "level_sample_counts": {"L0": 172800}, "elapsed_train_s": 428.1559094879776, "lr": [9.729086208503174e-05, 9.729086208503174e-06], "loss": 0.04872037447988987, "l1": 0.04590122170746327, "kl": 0.0002819153107702732, "memory_allocated_GiB": 0.27306604385375977}
{"step": 2750, "samples": 176000, "level_sample_counts": {"L0": 176000}, "elapsed_train_s": 430.5945407219988, "lr": [9.713973541030716e-05, 9.713973541030716e-06], "loss": 0.048802429363131526, "l1": 0.045784908309578896, "kl": 0.00030175212770700455, "memory_allocated_GiB": 0.27367639541625977}
{"step": 2800, "samples": 179200, "level_sample_counts": {"L0": 179200}, "elapsed_train_s": 433.0341970449954, "lr": [9.698463103929542e-05, 9.698463103929542e-06], "loss": 0.0479290159791708, "l1": 0.045442357882857325, "kl": 0.00024866580963134766, "memory_allocated_GiB": 0.27208948135375977}
{"step": 2850, "samples": 182400, "level_sample_counts": {"L0": 182400}, "elapsed_train_s": 435.5027765099949, "lr": [9.682556205985274e-05, 9.682556205985274e-06], "loss": 0.047511411532759666, "l1": 0.04455065459012985, "kl": 0.0002960756979882717, "memory_allocated_GiB": 0.27306604385375977}
{"step": 2900, "samples": 185600, "level_sample_counts": {"L0": 185600}, "elapsed_train_s": 437.9445215399901, "lr": [9.666254189437286e-05, 9.666254189437286e-06], "loss": 0.04693231552839279, "l1": 0.04360807500779629, "kl": 0.00033242405392229556, "memory_allocated_GiB": 0.27367639541625977}
{"step": 2950, "samples": 188800, "level_sample_counts": {"L0": 188800}, "elapsed_train_s": 440.4160593309789, "lr": [9.64955842986544e-05, 9.64955842986544e-06], "loss": 0.04723271228373051, "l1": 0.04423834890127182, "kl": 0.0002994363568723202, "memory_allocated_GiB": 0.27208948135375977}
{"step": 3000, "samples": 192000, "level_sample_counts": {"L0": 192000}, "elapsed_train_s": 442.9148334179772, "lr": [9.632470336074009e-05, 9.632470336074009e-06], "loss": 0.04677772544324398, "l1": 0.04419601269066334, "kl": 0.00025817125104367735, "memory_allocated_GiB": 0.27306604385375977}
{"step": 3050, "samples": 195200, "level_sample_counts": {"L0": 195200}, "elapsed_train_s": 445.3950236380042, "lr": [9.614991349972815e-05, 9.614991349972815e-06], "loss": 0.046260978803038595, "l1": 0.04351643681526184, "kl": 0.00027445420622825625, "memory_allocated_GiB": 0.27367639541625977}
{"step": 3100, "samples": 198400, "level_sample_counts": {"L0": 198400}, "elapsed_train_s": 447.8870569829887, "lr": [9.59712294645554e-05, 9.597122946455539e-06], "loss": 0.04654900133609772, "l1": 0.0436377078294754, "kl": 0.0002911293227225542, "memory_allocated_GiB": 0.27208948135375977}
{"step": 3150, "samples": 201600, "level_sample_counts": {"L0": 201600}, "elapsed_train_s": 450.339525768999, "lr": [9.578866633275288e-05, 9.578866633275289e-06], "loss": 0.04620358057320118, "l1": 0.043056002259254454, "kl": 0.0003147578239440918, "memory_allocated_GiB": 0.27306604385375977}
{"step": 3200, "samples": 204800, "level_sample_counts": {"L0": 204800}, "elapsed_train_s": 452.8794872429862, "lr": [9.560223950917353e-05, 9.560223950917354e-06], "loss": 0.04524135641753674, "l1": 0.04211941458284855, "kl": 0.0003121941909193993, "memory_allocated_GiB": 0.27367639541625977}
{"step": 3250, "samples": 208000, "level_sample_counts": {"L0": 208000}, "elapsed_train_s": 455.3803022560023, "lr": [9.541196472469233e-05, 9.541196472469234e-06], "loss": 0.04434312537312508, "l1": 0.0416836728155613, "kl": 0.00026594524271786216, "memory_allocated_GiB": 0.27208948135375977}
{"step": 3300, "samples": 211200, "level_sample_counts": {"L0": 211200}, "elapsed_train_s": 457.9258197720046, "lr": [9.521785803487889e-05, 9.521785803487888e-06], "loss": 0.0450368145853281, "l1": 0.04271460741758346, "kl": 0.00023222072049975396, "memory_allocated_GiB": 0.27306604385375977}
{"step": 3350, "samples": 214400, "level_sample_counts": {"L0": 214400}, "elapsed_train_s": 460.42858340399107, "lr": [9.501993581864268e-05, 9.501993581864268e-06], "loss": 0.044225961342453955, "l1": 0.042137641832232474, "kl": 0.00020883194170892238, "memory_allocated_GiB": 0.27367639541625977}
{"step": 3400, "samples": 217600, "level_sample_counts": {"L0": 217600}, "elapsed_train_s": 462.9384395160014, "lr": [9.481821477685101e-05, 9.481821477685102e-06], "loss": 0.043973378911614416, "l1": 0.041672804057598115, "kl": 0.00023005746304988862, "memory_allocated_GiB": 0.27208948135375977}
{"step": 3450, "samples": 220800, "level_sample_counts": {"L0": 220800}, "elapsed_train_s": 465.417629536998, "lr": [9.46127119309197e-05, 9.461271193091971e-06], "loss": 0.0436288020759821, "l1": 0.0411291579157114, "kl": 0.00024996439926326273, "memory_allocated_GiB": 0.27306604385375977}
{"step": 3500, "samples": 224000, "level_sample_counts": {"L0": 224000}, "elapsed_train_s": 467.8897142179776, "lr": [9.440344462137689e-05, 9.44034446213769e-06], "loss": 0.043789090290665626, "l1": 0.04150349736213684, "kl": 0.00022855931892991067, "memory_allocated_GiB": 0.27367639541625977}
{"step": 3550, "samples": 227200, "level_sample_counts": {"L0": 227200}, "elapsed_train_s": 470.38723862599, "lr": [9.419043050639973e-05, 9.419043050639973e-06], "loss": 0.04286309517920017, "l1": 0.04066279754042625, "kl": 0.00022002977319061757, "memory_allocated_GiB": 0.27208948135375977}
{"step": 3600, "samples": 230400, "level_sample_counts": {"L0": 230400}, "elapsed_train_s": 472.8922403539764, "lr": [9.397368756032445e-05, 9.397368756032445e-06], "loss": 0.04314127400517464, "l1": 0.04089846849441528, "kl": 0.00022428052499890328, "memory_allocated_GiB": 0.27306604385375977}
{"step": 3650, "samples": 233600, "level_sample_counts": {"L0": 233600}, "elapsed_train_s": 475.36775566099095, "lr": [9.375323407212969e-05, 9.37532340721297e-06], "loss": 0.04277556031942367, "l1": 0.04053423441946506, "kl": 0.00022413259372115136, "memory_allocated_GiB": 0.27367639541625977}
{"step": 3700, "samples": 236800, "level_sample_counts": {"L0": 236800}, "elapsed_train_s": 477.80191030100104, "lr": [9.352908864389312e-05, 9.352908864389313e-06], "loss": 0.04257567539811134, "l1": 0.0397199036180973, "kl": 0.00028557720594108105, "memory_allocated_GiB": 0.27208948135375977}
{"step": 3750, "samples": 240000, "level_sample_counts": {"L0": 240000}, "elapsed_train_s": 479.92507184197893, "lr": [9.330127018922194e-05, 9.330127018922195e-06], "loss": 0.042158525884151456, "l1": 0.039797616079449656, "kl": 0.00023609098978340625, "memory_allocated_GiB": 0.27306604385375977}
{"step": 3800, "samples": 243200, "level_sample_counts": {"L0": 243200}, "elapsed_train_s": 482.0460644660052, "lr": [9.306979793165681e-05, 9.306979793165682e-06], "loss": 0.04177675694227219, "l1": 0.03977572284638882, "kl": 0.00020010340958833694, "memory_allocated_GiB": 0.27367639541625977}
{"step": 3850, "samples": 246400, "level_sample_counts": {"L0": 246400}, "elapsed_train_s": 485.59006274398416, "lr": [9.283469140304983e-05, 9.283469140304982e-06], "loss": 0.041830534785985946, "l1": 0.03989049732685089, "kl": 0.00019400371238589286, "memory_allocated_GiB": 0.27208948135375977}
{"step": 3900, "samples": 249600, "level_sample_counts": {"L0": 249600}, "elapsed_train_s": 489.29468992498005, "lr": [9.259597044191636e-05, 9.259597044191635e-06], "loss": 0.04111368134617806, "l1": 0.038779114931821825, "kl": 0.00023345664143562317, "memory_allocated_GiB": 0.27306604385375977}
{"step": 3950, "samples": 252800, "level_sample_counts": {"L0": 252800}, "elapsed_train_s": 493.0943469829799, "lr": [9.23536551917611e-05, 9.23536551917611e-06], "loss": 0.04119170792400837, "l1": 0.03908299677073956, "kl": 0.0002108711004257202, "memory_allocated_GiB": 0.27367639541625977}
{"step": 4000, "samples": 256000, "level_sample_counts": {"L0": 256000}, "elapsed_train_s": 496.7624745819776, "lr": [9.210776609937829e-05, 9.21077660993783e-06], "loss": 0.040503668040037154, "l1": 0.03843080021440983, "kl": 0.0002072867937386036, "memory_allocated_GiB": 0.27208948135375977}
{"step": 4050, "samples": 259200, "level_sample_counts": {"L0": 259200}, "elapsed_train_s": 500.37926234598854, "lr": [9.185832391312644e-05, 9.185832391312644e-06], "loss": 0.040801769942045214, "l1": 0.038872720897197725, "kl": 0.00019290490075945854, "memory_allocated_GiB": 0.27306604385375977}
{"step": 4100, "samples": 262400, "level_sample_counts": {"L0": 262400}, "elapsed_train_s": 504.1434507499798, "lr": [9.160534968117752e-05, 9.160534968117752e-06], "loss": 0.040466420352458954, "l1": 0.038431886807084086, "kl": 0.00020345333963632582, "memory_allocated_GiB": 0.27367639541625977}
{"step": 4150, "samples": 265600, "level_sample_counts": {"L0": 265600}, "elapsed_train_s": 507.81257213797653, "lr": [9.134886474974091e-05, 9.134886474974092e-06], "loss": 0.03976817354559899, "l1": 0.037771974951028825, "kl": 0.0001996198482811451, "memory_allocated_GiB": 0.27208948135375977}
