/home/zxc/miniconda3/envs/imitator/lib/python3.12/site-packages/torch/cuda/__init__.py:61: FutureWarning: The pynvml package is deprecated. Please install nvidia-ml-py instead. If you did not install pynvml directly, please report this to the maintainers of the package that installed pynvml for you.
  import pynvml  # type: ignore[import]
2026-10-07 23:08:32.579493: I tensorflow/core/util/port.cc:153] oneDNN custom operations are on. You may see slightly different numerical results due to floating-point round-off errors from different computation orders. To turn them off, set the environment variable `TF_ENABLE_ONEDNN_OPTS=0`.
2026-10-07 23:08:32.588435: E external/local_xla/xla/stream_executor/cuda/cuda_fft.cc:467] Unable to register cuFFT factory: Attempting to register factory for plugin cuFFT when one has already been registered
WARNING: All log messages before absl::InitializeLog() is called are written to STDERR
E0000 00:00:1791385712.598575 2346817 cuda_dnn.cc:8579] Unable to register cuDNN factory: Attempting to register factory for plugin cuDNN when one has already been registered
E0000 00:00:1791385712.601883 2346817 cuda_blas.cc:1407] Unable to register cuBLAS factory: Attempting to register factory for plugin cuBLAS when one has already been registered
W0000 00:00:1791385712.610936 2346817 computation_placer.cc:177] computation placer already registered. Please check linkage and avoid linking the same target more than once.
W0000 00:00:1791385712.610951 2346817 computation_placer.cc:177] computation placer already registered. Please check linkage and avoid linking the same target more than once.
W0000 00:00:1791385712.610953 2346817 computation_placer.cc:177] computation placer already registered. Please check linkage and avoid linking the same target more than once.
W0000 00:00:1791385712.610955 2346817 computation_placer.cc:177] computation placer already registered. Please check linkage and avoid linking the same target more than once.
2026-10-07 23:08:32.613364: I tensorflow/core/platform/cpu_feature_guard.cc:210] This TensorFlow binary is optimized to use available CPU instructions in performance-critical operations.
To enable the following instructions: AVX2 AVX512F AVX512_VNNI AVX512_BF16 FMA, in other operations, rebuild TensorFlow with the appropriate compiler flags.
/home/zxc/miniconda3/envs/imitator/lib/python3.12/site-packages/torchvision/models/_utils.py:208: UserWarning: The parameter 'pretrained' is deprecated since 0.13 and may be removed in the future, please use 'weights' instead.
  warnings.warn(
/home/zxc/miniconda3/envs/imitator/lib/python3.12/site-packages/torchvision/models/_utils.py:223: UserWarning: Arguments other than a weight enum or `None` for 'weights' are deprecated since 0.13 and may be removed in the future. The current behavior is equivalent to passing `weights=ResNet18_Weights.IMAGENET1K_V1`. You can also use `weights=ResNet18_Weights.DEFAULT` to get the most up-to-date weights.
  warnings.warn(msg)

🤖 Creating ACTAgent ...
\n   Building FrozenVideoBackbone (dinov2_vitl14) [Frozen] ...

   ACTAgent ready
   Task encoder:  frozen_backbone (dinov2_vitl14)
   Input mode:    video_only
   Total params:  17.21M  |  Trainable: 17.21M

✅ Agent loaded
   Epoch: 30
   Total parameters: 17.21M
✓ Loaded 53 task descriptions
Loading datasets from config: /home/zxc/Imitator/experiments/act_placemugrack_levels/prepared/human_ep1.json
Loading datasets:   0%|          | 0/1 [00:00<?, ?it/s]Loading datasets: 100%|██████████| 1/1 [00:00<00:00,  8.55it/s]Loading datasets: 100%|██████████| 1/1 [00:00<00:00,  8.54it/s]
Using a slow image processor as `use_fast` is unset and a slow processor was saved with this model. `use_fast=True` will be the default behavior in v4.52, even if the model was saved with a slow processor. This will result in minor differences in outputs. You'll still be able to use a slow processor with `use_fast=False`.
[94mLoading episodes [1] from /var/tmp/imitator-game-zxc/data/imitator_human_v1/human_H57 with split train[0m
✓ Loaded 1 unique tasks
✓ HumanVideoDataset initialized
  - Tasks: 1
  - Cameras: ['zed2i']
  - Frames per sample: 10
  - Sampling strategy: uniform_jitter
  [FrozenVideoBackbone] Loading facebook/dinov2-large (DINOv2 via HF) ...
  ✓ DINOv2 facebook/dinov2-large: 304M params loaded
/home/zxc/miniconda3/envs/imitator/lib/python3.12/site-packages/torch/cuda/__init__.py:61: FutureWarning: The pynvml package is deprecated. Please install nvidia-ml-py instead. If you did not install pynvml directly, please report this to the maintainers of the package that installed pynvml for you.
  import pynvml  # type: ignore[import]
/home/zxc/miniconda3/envs/imitator/lib/python3.12/site-packages/torch/cuda/__init__.py:61: FutureWarning: The pynvml package is deprecated. Please install nvidia-ml-py instead. If you did not install pynvml directly, please report this to the maintainers of the package that installed pynvml for you.
  import pynvml  # type: ignore[import]
/home/zxc/miniconda3/envs/imitator/lib/python3.12/site-packages/torch/cuda/__init__.py:61: FutureWarning: The pynvml package is deprecated. Please install nvidia-ml-py instead. If you did not install pynvml directly, please report this to the maintainers of the package that installed pynvml for you.
  import pynvml  # type: ignore[import]
/home/zxc/miniconda3/envs/imitator/lib/python3.12/site-packages/torch/cuda/__init__.py:61: FutureWarning: The pynvml package is deprecated. Please install nvidia-ml-py instead. If you did not install pynvml directly, please report this to the maintainers of the package that installed pynvml for you.
  import pynvml  # type: ignore[import]
Eval [video_only]:   0%|          | 0/4 [00:00<?, ?ep/s]Eval [video_only]: 100%|██████████| 4/4 [00:06<00:00,  1.68s/ep]Eval [video_only]: 100%|██████████| 4/4 [00:06<00:00,  1.68s/ep]
EVALUATION PASSED {"status": "passed", "checkpoint": "/home/zxc/Imitator/experiments/act_placemugrack_study/runs/A50_s1/checkpoints/step_005400.pt", "checkpoint_sha256": "525dfc778d6c033e024ddce2364516af1e886c1b91364ce33012edc9da1092e7", "checkpoint_step": 5400, "condition": "A50", "num_envs": 4, "human_episode": 1, "human_video_sha256": "5c544a193ef9017c492bff8f8854d021900180ec518b429a9d225aa83260d132", "stats_sha256": "acc5affbc08654f35d554f08d793fbe9be76348cb31242ee8db100778026dba1", "all_loaded_tensors_equal": 253, "trainable_tensor_count": 171, "optimizer_steps": [5400], "policy_queries": 125, "vector_steps": 500, "auxiliary_dtw": false, "video_recording": false, "preselected_video_seeds": [], "level": "L2", "exact_repo_id": "L2_TwoRobotPlaceMugRack-v1", "normalizer_dataset_idx": 2, "first_policy_action": [[0.6161729097366333, 0.0454414002597332, -0.5310032367706299, 0.07335083186626434, -0.743679940700531, 0.851938784122467, 1.0136529207229614, 1.0418941974639893, -0.5460109114646912, 0.21744920313358307, 0.48743709921836853, 0.7506368160247803, -0.15440768003463745, -0.210045725107193, -0.18152523040771484, -1.012770652770996], [0.9847224354743958, 0.010881651192903519, -0.6943851113319397, -0.195940300822258, -0.6888461709022522, 0.8844326138496399, 0.998707115650177, 1.029504656791687, 1.0407695770263672, -0.04104723036289215, 0.057672638446092606, -0.6128284335136414, 0.4485529065132141, 0.1568041890859604, 0.32798388600349426, -1.0116798877716064], [0.8253230452537537, 0.03428608179092407, -0.6045328378677368, 0.09749962389469147, -0.7278108596801758, 0.887637734413147, 0.997710645198822, 1.0370160341262817, 0.2965596318244934, 0.16667301952838898, 0.31737253069877625, 0.8596620559692383, 0.036742422729730606, 0.05150124430656433, -0.242820143699646, -1.0144400596618652], [0.5745158791542053, -0.11261111497879028, -0.5085359811782837, -0.20814728736877441, -0.7687680125236511, 0.8140754103660583, 1.0202648639678955, 1.0214565992355347, -0.6104530692100525, -0.9063212871551514, 0.3559730052947998, -0.7325007319450378, -0.4881995618343353, -0.3528429865837097, 0.3959745466709137, -1.0049755573272705]], "summary": {"success_once": {"mean": 0.0, "std": 0.0}, "return": {"mean": 0.25246700644493103, "std": 0.033355336636304855}, "episode_len": {"mean": 500.0, "std": 0.0}, "reward": {"mean": 0.0005049340277910232, "std": 6.671066980134415e-05}, "last_reward": {"mean": 0.000514056533575058, "std": 7.155766563068999e-05}, "success_at_end": {"mean": 0.0, "std": 0.0}}, "stage_counts": {"is_grasped": 0, "is_mug_above_table": 0, "is_mug_contact_rack": 0, "is_obj_placed": 0, "success": 0}, "rollout_seconds": 7.075896978378296, "wall_seconds": 20.28181481361389}
