/home/zxc/miniconda3/envs/imitator/lib/python3.12/site-packages/torch/cuda/__init__.py:61: FutureWarning: The pynvml package is deprecated. Please install nvidia-ml-py instead. If you did not install pynvml directly, please report this to the maintainers of the package that installed pynvml for you.
  import pynvml  # type: ignore[import]
2026-10-07 23:11:16.007092: I tensorflow/core/util/port.cc:153] oneDNN custom operations are on. You may see slightly different numerical results due to floating-point round-off errors from different computation orders. To turn them off, set the environment variable `TF_ENABLE_ONEDNN_OPTS=0`.
2026-10-07 23:11:16.015326: E external/local_xla/xla/stream_executor/cuda/cuda_fft.cc:467] Unable to register cuFFT factory: Attempting to register factory for plugin cuFFT when one has already been registered
WARNING: All log messages before absl::InitializeLog() is called are written to STDERR
E0000 00:00:1791385876.024790 2354811 cuda_dnn.cc:8579] Unable to register cuDNN factory: Attempting to register factory for plugin cuDNN when one has already been registered
E0000 00:00:1791385876.027976 2354811 cuda_blas.cc:1407] Unable to register cuBLAS factory: Attempting to register factory for plugin cuBLAS when one has already been registered
W0000 00:00:1791385876.036522 2354811 computation_placer.cc:177] computation placer already registered. Please check linkage and avoid linking the same target more than once.
W0000 00:00:1791385876.036546 2354811 computation_placer.cc:177] computation placer already registered. Please check linkage and avoid linking the same target more than once.
W0000 00:00:1791385876.036548 2354811 computation_placer.cc:177] computation placer already registered. Please check linkage and avoid linking the same target more than once.
W0000 00:00:1791385876.036551 2354811 computation_placer.cc:177] computation placer already registered. Please check linkage and avoid linking the same target more than once.
2026-10-07 23:11:16.038818: I tensorflow/core/platform/cpu_feature_guard.cc:210] This TensorFlow binary is optimized to use available CPU instructions in performance-critical operations.
To enable the following instructions: AVX2 AVX512F AVX512_VNNI AVX512_BF16 FMA, in other operations, rebuild TensorFlow with the appropriate compiler flags.
/home/zxc/miniconda3/envs/imitator/lib/python3.12/site-packages/torchvision/models/_utils.py:208: UserWarning: The parameter 'pretrained' is deprecated since 0.13 and may be removed in the future, please use 'weights' instead.
  warnings.warn(
/home/zxc/miniconda3/envs/imitator/lib/python3.12/site-packages/torchvision/models/_utils.py:223: UserWarning: Arguments other than a weight enum or `None` for 'weights' are deprecated since 0.13 and may be removed in the future. The current behavior is equivalent to passing `weights=ResNet18_Weights.IMAGENET1K_V1`. You can also use `weights=ResNet18_Weights.DEFAULT` to get the most up-to-date weights.
  warnings.warn(msg)

🤖 Creating ACTAgent ...
\n   Building FrozenVideoBackbone (dinov2_vitl14) [Frozen] ...

   ACTAgent ready
   Task encoder:  frozen_backbone (dinov2_vitl14)
   Input mode:    video_only
   Total params:  17.21M  |  Trainable: 17.21M

✅ Agent loaded
   Epoch: 30
   Total parameters: 17.21M
✓ Loaded 53 task descriptions
Loading datasets from config: /home/zxc/Imitator/experiments/act_placemugrack_study/prepared/human_ep1.json
Loading datasets:   0%|          | 0/1 [00:00<?, ?it/s]Loading datasets: 100%|██████████| 1/1 [00:00<00:00,  8.37it/s]Loading datasets: 100%|██████████| 1/1 [00:00<00:00,  8.37it/s]
Using a slow image processor as `use_fast` is unset and a slow processor was saved with this model. `use_fast=True` will be the default behavior in v4.52, even if the model was saved with a slow processor. This will result in minor differences in outputs. You'll still be able to use a slow processor with `use_fast=False`.
[94mLoading episodes [1] from /var/tmp/imitator-game-zxc/data/imitator_human_v1/human_H57 with split train[0m
✓ Loaded 1 unique tasks
✓ HumanVideoDataset initialized
  - Tasks: 1
  - Cameras: ['zed2i']
  - Frames per sample: 10
  - Sampling strategy: uniform_jitter
  [FrozenVideoBackbone] Loading facebook/dinov2-large (DINOv2 via HF) ...
  ✓ DINOv2 facebook/dinov2-large: 304M params loaded
/home/zxc/miniconda3/envs/imitator/lib/python3.12/site-packages/torch/cuda/__init__.py:61: FutureWarning: The pynvml package is deprecated. Please install nvidia-ml-py instead. If you did not install pynvml directly, please report this to the maintainers of the package that installed pynvml for you.
  import pynvml  # type: ignore[import]
/home/zxc/miniconda3/envs/imitator/lib/python3.12/site-packages/torch/cuda/__init__.py:61: FutureWarning: The pynvml package is deprecated. Please install nvidia-ml-py instead. If you did not install pynvml directly, please report this to the maintainers of the package that installed pynvml for you.
  import pynvml  # type: ignore[import]
/home/zxc/miniconda3/envs/imitator/lib/python3.12/site-packages/torch/cuda/__init__.py:61: FutureWarning: The pynvml package is deprecated. Please install nvidia-ml-py instead. If you did not install pynvml directly, please report this to the maintainers of the package that installed pynvml for you.
  import pynvml  # type: ignore[import]
/home/zxc/miniconda3/envs/imitator/lib/python3.12/site-packages/torch/cuda/__init__.py:61: FutureWarning: The pynvml package is deprecated. Please install nvidia-ml-py instead. If you did not install pynvml directly, please report this to the maintainers of the package that installed pynvml for you.
  import pynvml  # type: ignore[import]
Eval [video_only]:   0%|          | 0/4 [00:00<?, ?ep/s]Eval [video_only]: 100%|██████████| 4/4 [00:09<00:00,  2.31s/ep]Eval [video_only]: 100%|██████████| 4/4 [00:09<00:00,  2.31s/ep]
EVALUATION PASSED {"status": "passed", "checkpoint": "/home/zxc/Imitator/experiments/act_placemugrack_study/runs/A50_s1/checkpoints/step_005400.pt", "checkpoint_sha256": "525dfc778d6c033e024ddce2364516af1e886c1b91364ce33012edc9da1092e7", "checkpoint_step": 5400, "condition": "A50", "num_envs": 4, "human_episode": 1, "human_video_sha256": "5c544a193ef9017c492bff8f8854d021900180ec518b429a9d225aa83260d132", "stats_sha256": "acc5affbc08654f35d554f08d793fbe9be76348cb31242ee8db100778026dba1", "all_loaded_tensors_equal": 253, "trainable_tensor_count": 171, "optimizer_steps": [5400], "policy_queries": 125, "vector_steps": 500, "auxiliary_dtw": false, "video_recording": false, "preselected_video_seeds": [], "first_policy_action": [[0.8391443490982056, 0.04118577390909195, -0.824363112449646, 0.08080719411373138, -0.7182417511940002, 0.8171764016151428, 0.9295505285263062, 1.0444315671920776, -0.5341880917549133, 0.18259665369987488, 0.4487426280975342, 0.6779938340187073, -0.15531545877456665, -0.21157248318195343, -0.15865828096866608, -1.005662202835083], [1.101112961769104, -0.010894550941884518, -0.9417370557785034, -0.15599410235881805, -0.6730161905288696, 0.8536518812179565, 0.8892675042152405, 1.021820068359375, 0.9486494660377502, -0.028962373733520508, 0.06373083591461182, -0.5683587789535522, 0.36984607577323914, 0.13979405164718628, 0.2918379306793213, -1.0043916702270508], [1.0140411853790283, 0.023914305493235588, -0.8976777791976929, 0.10226602852344513, -0.7050549983978271, 0.8503825664520264, 0.9228173494338989, 1.0409963130950928, 0.23912766575813293, 0.14163818955421448, 0.27903100848197937, 0.7960079312324524, 0.01723344996571541, 0.04208166524767876, -0.21964231133460999, -1.0076444149017334], [0.8027105331420898, -0.09689692407846451, -0.7883698344230652, -0.16856558620929718, -0.7518628239631653, 0.7833080887794495, 0.9292449951171875, 1.0304690599441528, -0.602135956287384, -0.8342146873474121, 0.34579938650131226, -0.693320095539093, -0.47897252440452576, -0.34542393684387207, 0.3765923082828522, -0.9984695911407471]], "summary": {"success_once": {"mean": 1.0, "std": 0.0}, "return": {"mean": 409.7516784667969, "std": 5.347105503082275}, "episode_len": {"mean": 500.0, "std": 0.0}, "reward": {"mean": 0.8195033569335938, "std": 0.010694210949263969}, "last_reward": {"mean": 1.0, "std": 0.0}, "success_at_end": {"mean": 1.0, "std": 0.0}}, "stage_counts": {"is_grasped": 4, "is_mug_above_table": 4, "is_mug_contact_rack": 4, "is_obj_placed": 4, "success": 4}, "rollout_seconds": 9.64940857887268, "wall_seconds": 25.186976194381714}
