/home/zxc/miniconda3/envs/imitator/lib/python3.12/site-packages/torch/cuda/__init__.py:61: FutureWarning: The pynvml package is deprecated. Please install nvidia-ml-py instead. If you did not install pynvml directly, please report this to the maintainers of the package that installed pynvml for you.
  import pynvml  # type: ignore[import]
2026-10-07 01:44:41.364823: I tensorflow/core/util/port.cc:153] oneDNN custom operations are on. You may see slightly different numerical results due to floating-point round-off errors from different computation orders. To turn them off, set the environment variable `TF_ENABLE_ONEDNN_OPTS=0`.
2026-10-07 01:44:41.373558: E external/local_xla/xla/stream_executor/cuda/cuda_fft.cc:467] Unable to register cuFFT factory: Attempting to register factory for plugin cuFFT when one has already been registered
WARNING: All log messages before absl::InitializeLog() is called are written to STDERR
E0000 00:00:1791308681.383187  992104 cuda_dnn.cc:8579] Unable to register cuDNN factory: Attempting to register factory for plugin cuDNN when one has already been registered
E0000 00:00:1791308681.386601  992104 cuda_blas.cc:1407] Unable to register cuBLAS factory: Attempting to register factory for plugin cuBLAS when one has already been registered
W0000 00:00:1791308681.395806  992104 computation_placer.cc:177] computation placer already registered. Please check linkage and avoid linking the same target more than once.
W0000 00:00:1791308681.395817  992104 computation_placer.cc:177] computation placer already registered. Please check linkage and avoid linking the same target more than once.
W0000 00:00:1791308681.395819  992104 computation_placer.cc:177] computation placer already registered. Please check linkage and avoid linking the same target more than once.
W0000 00:00:1791308681.395821  992104 computation_placer.cc:177] computation placer already registered. Please check linkage and avoid linking the same target more than once.
2026-10-07 01:44:41.398101: I tensorflow/core/platform/cpu_feature_guard.cc:210] This TensorFlow binary is optimized to use available CPU instructions in performance-critical operations.
To enable the following instructions: AVX2 AVX512F AVX512_VNNI AVX512_BF16 FMA, in other operations, rebuild TensorFlow with the appropriate compiler flags.
/home/zxc/miniconda3/envs/imitator/lib/python3.12/site-packages/torchvision/models/_utils.py:208: UserWarning: The parameter 'pretrained' is deprecated since 0.13 and may be removed in the future, please use 'weights' instead.
  warnings.warn(
/home/zxc/miniconda3/envs/imitator/lib/python3.12/site-packages/torchvision/models/_utils.py:223: UserWarning: Arguments other than a weight enum or `None` for 'weights' are deprecated since 0.13 and may be removed in the future. The current behavior is equivalent to passing `weights=ResNet18_Weights.IMAGENET1K_V1`. You can also use `weights=ResNet18_Weights.DEFAULT` to get the most up-to-date weights.
  warnings.warn(msg)

🤖 Creating ACTAgent ...
\n   Building FrozenVideoBackbone (dinov2_vitl14) [Frozen] ...

   ACTAgent ready
   Task encoder:  frozen_backbone (dinov2_vitl14)
   Input mode:    video_only
   Total params:  17.21M  |  Trainable: 17.21M

✅ Agent loaded
   Epoch: 71
   Total parameters: 17.21M
✓ Loaded 53 task descriptions
Loading datasets from config: /home/zxc/Imitator/experiments/act_placemugrack_study/prepared/human_ep1.json
Loading datasets:   0%|          | 0/1 [00:00<?, ?it/s]Loading datasets: 100%|██████████| 1/1 [00:00<00:00,  8.59it/s]Loading datasets: 100%|██████████| 1/1 [00:00<00:00,  8.58it/s]
Using a slow image processor as `use_fast` is unset and a slow processor was saved with this model. `use_fast=True` will be the default behavior in v4.52, even if the model was saved with a slow processor. This will result in minor differences in outputs. You'll still be able to use a slow processor with `use_fast=False`.
[94mLoading episodes [1] from /var/tmp/imitator-game-zxc/data/imitator_human_v1/human_H57 with split train[0m
✓ Loaded 1 unique tasks
✓ HumanVideoDataset initialized
  - Tasks: 1
  - Cameras: ['zed2i']
  - Frames per sample: 10
  - Sampling strategy: uniform_jitter
  [FrozenVideoBackbone] Loading facebook/dinov2-large (DINOv2 via HF) ...
  ✓ DINOv2 facebook/dinov2-large: 304M params loaded
/home/zxc/miniconda3/envs/imitator/lib/python3.12/site-packages/torch/cuda/__init__.py:61: FutureWarning: The pynvml package is deprecated. Please install nvidia-ml-py instead. If you did not install pynvml directly, please report this to the maintainers of the package that installed pynvml for you.
  import pynvml  # type: ignore[import]
/home/zxc/miniconda3/envs/imitator/lib/python3.12/site-packages/torch/cuda/__init__.py:61: FutureWarning: The pynvml package is deprecated. Please install nvidia-ml-py instead. If you did not install pynvml directly, please report this to the maintainers of the package that installed pynvml for you.
  import pynvml  # type: ignore[import]
/home/zxc/miniconda3/envs/imitator/lib/python3.12/site-packages/torch/cuda/__init__.py:61: FutureWarning: The pynvml package is deprecated. Please install nvidia-ml-py instead. If you did not install pynvml directly, please report this to the maintainers of the package that installed pynvml for you.
  import pynvml  # type: ignore[import]
/home/zxc/miniconda3/envs/imitator/lib/python3.12/site-packages/torch/cuda/__init__.py:61: FutureWarning: The pynvml package is deprecated. Please install nvidia-ml-py instead. If you did not install pynvml directly, please report this to the maintainers of the package that installed pynvml for you.
  import pynvml  # type: ignore[import]
Eval [video_only]:   0%|          | 0/4 [00:00<?, ?ep/s]Eval [video_only]: 100%|██████████| 4/4 [00:12<00:00,  3.10s/ep]Eval [video_only]: 100%|██████████| 4/4 [00:12<00:00,  3.10s/ep]
EVALUATION PASSED {"status": "passed", "checkpoint": "/home/zxc/Imitator/experiments/act_placemugrack_study/runs/A50_s2/checkpoints/step_012600.pt", "checkpoint_sha256": "a88fef0ca00b563c9b33df78f5bdc94f96860258c1106c8d04be07611bdde41a", "checkpoint_step": 12600, "condition": "A50", "num_envs": 4, "human_episode": 1, "human_video_sha256": "5c544a193ef9017c492bff8f8854d021900180ec518b429a9d225aa83260d132", "stats_sha256": "acc5affbc08654f35d554f08d793fbe9be76348cb31242ee8db100778026dba1", "all_loaded_tensors_equal": 253, "trainable_tensor_count": 171, "optimizer_steps": [12600], "policy_queries": 125, "vector_steps": 500, "auxiliary_dtw": false, "video_recording": true, "preselected_video_seeds": [2028], "first_policy_action": [[0.7210720777511597, 0.0674813985824585, -1.0740545988082886, 0.061175256967544556, -0.5857688188552856, 0.7549014687538147, 0.8719228506088257, 0.9935110807418823, -0.3475625216960907, 0.419183611869812, -0.626436710357666, 0.3913785517215729, 0.6777172684669495, -0.08073154836893082, -0.22921040654182434, -1.0387248992919922], [0.793951153755188, -0.04407600313425064, -0.9018871784210205, 0.021462246775627136, -0.5764573812484741, 0.7044891119003296, 0.8658797740936279, 1.0058127641677856, 0.04164944589138031, -0.09894876927137375, 0.06394659727811813, 0.2488420009613037, 0.6807624697685242, -0.4211469292640686, -0.12856978178024292, -1.0445009469985962], [1.1024210453033447, -0.08171400427818298, -0.9030420184135437, 0.0014314278960227966, -0.6638354659080505, 0.8838276863098145, 0.892978847026825, 1.0199213027954102, 0.6933956742286682, -0.5433229207992554, -0.01617591083049774, 0.21343469619750977, 0.24163146317005157, 0.32935285568237305, -0.31130263209342957, -1.0158367156982422], [1.1520183086395264, -0.08477672934532166, -0.9066624045372009, -0.13169440627098083, -0.7264420986175537, 0.87630695104599, 0.8663782477378845, 1.0301531553268433, 0.7737483978271484, -0.3622839152812958, 0.03915812820196152, -0.34272217750549316, -0.1633557230234146, 0.1963694542646408, -0.6653602123260498, -1.0411324501037598]], "summary": {"success_once": {"mean": 0.75, "std": 0.4330127018922193}, "return": {"mean": 379.0145263671875, "std": 52.2559928894043}, "episode_len": {"mean": 500.0, "std": 0.0}, "reward": {"mean": 0.758029067993164, "std": 0.10451198045508886}, "last_reward": {"mean": 0.9113450646400452, "std": 0.15355485238517638}, "success_at_end": {"mean": 0.75, "std": 0.4330127018922193}}, "stage_counts": {"is_grasped": 4, "is_mug_above_table": 4, "is_mug_contact_rack": 3, "is_obj_placed": 3, "success": 3}, "rollout_seconds": 12.756898880004883, "wall_seconds": 26.055473804473877}
SUPPLEMENTARY VIDEO {"source_result": "/home/zxc/Imitator/experiments/act_placemugrack_study/runs/A50_s2/test/result.json", "seed": 2029, "environment_index": 1, "batch_start": 2028, "selected_after_test_for_illustration_only": true, "excluded_from_primary_results": true, "factory_only_change": "video recording environment index", "initial_conditions_match": true, "success_metrics_match_original": true, "stage_first_steps_match_original": true}
